INFO:root:Now we are in station:SM09
INFO:root:Now we are in the 213 day of year
INFO:root:1 Trace(s) in Stream:
TW.SM09.00.EPZ | 2023-08-01T00:00:01.050000Z - 2023-08-02T00:00:00.280000Z | 100.0 Hz, 8639924 samples
INFO:root:the data of 213 day of year is merging, thank god
INFO:root:Now we are in the 214 day of year
INFO:root:1 Trace(s) in Stream:
TW.SM09.00.EPZ | 2023-08-02T00:00:00.290000Z - 2023-08-03T00:00:02.620000Z | 100.0 Hz, 8640234 samples
INFO:root:the data of 214 day of year is merging, thank god
INFO:root:Now we are in the 215 day of year
INFO:root:1 Trace(s) in Stream:
TW.SM09.00.EPZ | 2023-08-03T00:00:02.630000Z - 2023-08-04T00:00:02.280000Z | 100.0 Hz, 8639966 samples
INFO:root:the data of 215 day of year is merging, thank god
INFO:root:Now we are in the 216 day of year
INFO:root:1 Trace(s) in Stream:
TW.SM09.00.EPZ | 2023-08-04T00:00:02.290000Z - 2023-08-05T00:00:01.980000Z | 100.0 Hz, 8639970 samples
INFO:root:the data of 216 day of year is merging, thank god
INFO:root:Now we are in the 217 day of year
INFO:root:1 Trace(s) in Stream:
TW.SM09.00.EPZ | 2023-08-05T00:00:01.990000Z - 2023-08-06T00:00:00.240000Z | 100.0 Hz, 8639826 samples
INFO:root:the data of 217 day of year is merging, thank god
INFO:root:Now we are in the 218 day of year
INFO:root:1 Trace(s) in Stream:
TW.SM09.00.EPZ | 2023-08-06T00:00:00.250000Z - 2023-08-07T00:00:01.520000Z | 100.0 Hz, 8640128 samples
INFO:root:the data of 218 day of year is merging, thank god
INFO:root:Now we are in the 219 day of year
INFO:root:1 Trace(s) in Stream:
TW.SM09.00.EPZ | 2023-08-07T00:00:01.530000Z - 2023-08-08T00:00:02.860000Z | 100.0 Hz, 8640134 samples
INFO:root:the data of 219 day of year is merging, thank god
INFO:root:Now we are in the 220 day of year
INFO:root:1 Trace(s) in Stream:
TW.SM09.00.EPZ | 2023-08-08T00:00:02.870000Z - 2023-08-09T00:00:01.680000Z | 100.0 Hz, 8639882 samples
INFO:root:the data of 220 day of year is merging, thank god
INFO:root:Now we are in the 221 day of year
INFO:root:1 Trace(s) in Stream:
TW.SM09.00.EPZ | 2023-08-09T00:00:01.690000Z - 2023-08-10T00:00:03.640000Z | 100.0 Hz, 8640196 samples
INFO:root:the data of 221 day of year is merging, thank god
INFO:root:Now we are in the 222 day of year
INFO:root:1 Trace(s) in Stream:
TW.SM09.00.EPZ | 2023-08-10T00:00:03.650000Z - 2023-08-11T00:00:03.380000Z | 100.0 Hz, 8639974 samples
INFO:root:the data of 222 day of year is merging, thank god
INFO:root:Now we are in the 223 day of year
INFO:root:1 Trace(s) in Stream:
TW.SM09.00.EPZ | 2023-08-11T00:00:03.390000Z - 2023-08-12T00:00:01.340000Z | 100.0 Hz, 8639796 samples
INFO:root:the data of 223 day of year is merging, thank god
INFO:root:Now we are in the 224 day of year
INFO:root:1 Trace(s) in Stream:
TW.SM09.00.EPZ | 2023-08-12T00:00:01.350000Z - 2023-08-13T00:00:01.560000Z | 100.0 Hz, 8640022 samples
INFO:root:the data of 224 day of year is merging, thank god
INFO:root:Now we are in the 225 day of year
INFO:root:1 Trace(s) in Stream:
TW.SM09.00.EPZ | 2023-08-13T00:00:01.570000Z - 2023-08-14T00:00:01.220000Z | 100.0 Hz, 8639966 samples
INFO:root:the data of 225 day of year is merging, thank god
INFO:root:Now we are in the 226 day of year
INFO:root:1 Trace(s) in Stream:
TW.SM09.00.EPZ | 2023-08-14T00:00:01.230000Z - 2023-08-15T00:00:02.860000Z | 100.0 Hz, 8640164 samples
INFO:root:the data of 226 day of year is merging, thank god
INFO:root:Now we are in the 227 day of year
INFO:root:1 Trace(s) in Stream:
TW.SM09.00.EPZ | 2023-08-15T00:00:02.870000Z - 2023-08-16T00:00:03.380000Z | 100.0 Hz, 8640052 samples
INFO:root:the data of 227 day of year is merging, thank god
INFO:root:Now we are in the 228 day of year
INFO:root:1 Trace(s) in Stream:
TW.SM09.00.EPZ | 2023-08-16T00:00:03.390000Z - 2023-08-17T00:00:00.940000Z | 100.0 Hz, 8639756 samples
INFO:root:the data of 228 day of year is merging, thank god
INFO:root:Now we are in the 229 day of year
INFO:root:1 Trace(s) in Stream:
TW.SM09.00.EPZ | 2023-08-17T00:00:00.950000Z - 2023-08-18T00:00:04.040000Z | 100.0 Hz, 8640310 samples
INFO:root:the data of 229 day of year is merging, thank god
INFO:root:Now we are in the 230 day of year
INFO:root:1 Trace(s) in Stream:
TW.SM09.00.EPZ | 2023-08-18T00:00:04.050000Z - 2023-08-19T00:00:02.220000Z | 100.0 Hz, 8639818 samples
INFO:root:the data of 230 day of year is merging, thank god
INFO:root:Now we are in the 231 day of year
INFO:root:1 Trace(s) in Stream:
TW.SM09.00.EPZ | 2023-08-19T00:00:02.230000Z - 2023-08-20T00:00:03.400000Z | 100.0 Hz, 8640118 samples
INFO:root:the data of 231 day of year is merging, thank god
INFO:root:Now we are in the 232 day of year
INFO:root:1 Trace(s) in Stream:
TW.SM09.00.EPZ | 2023-08-20T00:00:03.410000Z - 2023-08-21T00:00:02.920000Z | 100.0 Hz, 8639952 samples
INFO:root:the data of 232 day of year is merging, thank god
INFO:root:Now we are in the 233 day of year
INFO:root:1 Trace(s) in Stream:
TW.SM09.00.EPZ | 2023-08-21T00:00:02.930000Z - 2023-08-22T00:00:03.020000Z | 100.0 Hz, 8640010 samples
INFO:root:the data of 233 day of year is merging, thank god
INFO:root:Now we are in the 234 day of year
INFO:root:1 Trace(s) in Stream:
TW.SM09.00.EPZ | 2023-08-22T00:00:03.030000Z - 2023-08-23T00:00:02.720000Z | 100.0 Hz, 8639970 samples
INFO:root:the data of 234 day of year is merging, thank god
INFO:root:Now we are in the 235 day of year
INFO:root:1 Trace(s) in Stream:
TW.SM09.00.EPZ | 2023-08-23T00:00:02.730000Z - 2023-08-24T00:00:01.060000Z | 100.0 Hz, 8639834 samples
INFO:root:the data of 235 day of year is merging, thank god
INFO:root:Now we are in the 236 day of year
INFO:root:1 Trace(s) in Stream:
TW.SM09.00.EPZ | 2023-08-24T00:00:01.070000Z - 2023-08-25T00:00:00.380000Z | 100.0 Hz, 8639932 samples
INFO:root:the data of 236 day of year is merging, thank god
INFO:root:Now we are in the 237 day of year
INFO:root:1 Trace(s) in Stream:
TW.SM09.00.EPZ | 2023-08-25T00:00:00.390000Z - 2023-08-26T00:00:00.840000Z | 100.0 Hz, 8640046 samples
INFO:root:the data of 237 day of year is merging, thank god
INFO:root:Now we are in the 238 day of year
INFO:root:1 Trace(s) in Stream:
TW.SM09.00.EPZ | 2023-08-26T00:00:00.850000Z - 2023-08-27T00:00:01.380000Z | 100.0 Hz, 8640054 samples
INFO:root:the data of 238 day of year is merging, thank god
INFO:root:Now we are in the 239 day of year
INFO:root:1 Trace(s) in Stream:
TW.SM09.00.EPZ | 2023-08-27T00:00:01.390000Z - 2023-08-28T00:00:03.860000Z | 100.0 Hz, 8640248 samples
INFO:root:the data of 239 day of year is merging, thank god
INFO:root:Now we are in the 240 day of year
INFO:root:1 Trace(s) in Stream:
TW.SM09.00.EPZ | 2023-08-28T00:00:03.870000Z - 2023-08-29T00:00:02.240000Z | 100.0 Hz, 8639838 samples
INFO:root:the data of 240 day of year is merging, thank god
INFO:root:Now we are in the 241 day of year
INFO:root:1 Trace(s) in Stream:
TW.SM09.00.EPZ | 2023-08-29T00:00:02.250000Z - 2023-08-30T00:00:02.720000Z | 100.0 Hz, 8640048 samples
INFO:root:the data of 241 day of year is merging, thank god
INFO:root:Now we are in the 242 day of year
INFO:root:1 Trace(s) in Stream:
TW.SM09.00.EPZ | 2023-08-30T00:00:02.730000Z - 2023-08-31T00:00:03.700000Z | 100.0 Hz, 8640098 samples
INFO:root:the data of 242 day of year is merging, thank god
INFO:root:Now we are in the 243 day of year
INFO:root:1 Trace(s) in Stream:
TW.SM09.00.EPZ | 2023-08-31T00:00:03.710000Z - 2023-09-01T00:00:01.580000Z | 100.0 Hz, 8639788 samples
INFO:root:the data of 243 day of year is merging, thank god
INFO:root:merging complete
INFO:root:the SM09 stream is update in dictionary!
INFO:root:Now we are in station:SM01
INFO:root:Now we are in the 213 day of year
INFO:root:1 Trace(s) in Stream:
TW.SM01.00.EPZ | 2023-08-01T00:00:01.130000Z - 2023-08-02T00:00:00.560000Z | 100.0 Hz, 8639944 samples
INFO:root:the data of 213 day of year is merging, thank god
INFO:root:Now we are in the 214 day of year
INFO:root:1 Trace(s) in Stream:
TW.SM01.00.EPZ | 2023-08-02T00:00:00.570000Z - 2023-08-03T00:00:00.080000Z | 100.0 Hz, 8639952 samples
INFO:root:the data of 214 day of year is merging, thank god
INFO:root:Now we are in the 215 day of year
INFO:root:1 Trace(s) in Stream:
TW.SM01.00.EPZ | 2023-08-03T00:00:00.090000Z - 2023-08-04T00:00:02.100000Z | 100.0 Hz, 8640202 samples
INFO:root:the data of 215 day of year is merging, thank god
INFO:root:Now we are in the 216 day of year
INFO:root:1 Trace(s) in Stream:
TW.SM01.00.EPZ | 2023-08-04T00:00:02.110000Z - 2023-08-05T00:00:01.520000Z | 100.0 Hz, 8639942 samples
INFO:root:the data of 216 day of year is merging, thank god
INFO:root:Now we are in the 217 day of year
INFO:root:1 Trace(s) in Stream:
TW.SM01.00.EPZ | 2023-08-05T00:00:01.530000Z - 2023-08-06T00:00:02.300000Z | 100.0 Hz, 8640078 samples
INFO:root:the data of 217 day of year is merging, thank god
INFO:root:Now we are in the 218 day of year
INFO:root:1 Trace(s) in Stream:
TW.SM01.00.EPZ | 2023-08-06T00:00:02.310000Z - 2023-08-07T00:00:01.390000Z | 100.0 Hz, 8639909 samples
INFO:root:the data of 218 day of year is merging, thank god
INFO:root:Now we are in the 219 day of year
INFO:root:1 Trace(s) in Stream:
TW.SM01.00.EPZ | 2023-08-07T00:00:01.400000Z - 2023-08-08T00:00:00.790000Z | 100.0 Hz, 8639940 samples
INFO:root:the data of 219 day of year is merging, thank god
INFO:root:Now we are in the 220 day of year
INFO:root:1 Trace(s) in Stream:
TW.SM01.00.EPZ | 2023-08-08T00:00:00.800000Z - 2023-08-09T00:00:01.850000Z | 100.0 Hz, 8640106 samples
INFO:root:the data of 220 day of year is merging, thank god
INFO:root:Now we are in the 221 day of year
INFO:root:1 Trace(s) in Stream:
TW.SM01.00.EPZ | 2023-08-09T00:00:01.860000Z - 2023-08-10T00:00:00.710000Z | 100.0 Hz, 8639886 samples
INFO:root:the data of 221 day of year is merging, thank god
INFO:root:Now we are in the 222 day of year
INFO:root:1 Trace(s) in Stream:
TW.SM01.00.EPZ | 2023-08-10T00:00:00.720000Z - 2023-08-11T00:00:00.530000Z | 100.0 Hz, 8639982 samples
INFO:root:the data of 222 day of year is merging, thank god
INFO:root:Now we are in the 223 day of year
INFO:root:1 Trace(s) in Stream:
TW.SM01.00.EPZ | 2023-08-11T00:00:00.540000Z - 2023-08-12T00:00:01.330000Z | 100.0 Hz, 8640080 samples
INFO:root:the data of 223 day of year is merging, thank god
INFO:root:Now we are in the 224 day of year
INFO:root:1 Trace(s) in Stream:
TW.SM01.00.EPZ | 2023-08-12T00:00:01.340000Z - 2023-08-13T00:00:01.950000Z | 100.0 Hz, 8640062 samples
INFO:root:the data of 224 day of year is merging, thank god
INFO:root:Now we are in the 225 day of year
INFO:root:1 Trace(s) in Stream:
TW.SM01.00.EPZ | 2023-08-13T00:00:01.960000Z - 2023-08-14T00:00:00.430000Z | 100.0 Hz, 8639848 samples
INFO:root:the data of 225 day of year is merging, thank god
INFO:root:Now we are in the 226 day of year
INFO:root:1 Trace(s) in Stream:
TW.SM01.00.EPZ | 2023-08-14T00:00:00.440000Z - 2023-08-15T00:00:00.490000Z | 100.0 Hz, 8640006 samples
INFO:root:the data of 226 day of year is merging, thank god
INFO:root:Now we are in the 227 day of year
INFO:root:1 Trace(s) in Stream:
TW.SM01.00.EPZ | 2023-08-15T00:00:00.500000Z - 2023-08-16T00:00:01.150000Z | 100.0 Hz, 8640066 samples
INFO:root:the data of 227 day of year is merging, thank god
INFO:root:Now we are in the 228 day of year
INFO:root:1 Trace(s) in Stream:
TW.SM01.00.EPZ | 2023-08-16T00:00:01.160000Z - 2023-08-17T00:00:01.710000Z | 100.0 Hz, 8640056 samples
INFO:root:the data of 228 day of year is merging, thank god
INFO:root:Now we are in the 229 day of year
INFO:root:1 Trace(s) in Stream:
TW.SM01.00.EPZ | 2023-08-17T00:00:01.720000Z - 2023-08-18T00:00:01.410000Z | 100.0 Hz, 8639970 samples
INFO:root:the data of 229 day of year is merging, thank god
INFO:root:Now we are in the 230 day of year
INFO:root:1 Trace(s) in Stream:
TW.SM01.00.EPZ | 2023-08-18T00:00:01.420000Z - 2023-08-19T00:00:00.770000Z | 100.0 Hz, 8639936 samples
INFO:root:the data of 230 day of year is merging, thank god
INFO:root:Now we are in the 231 day of year
INFO:root:1 Trace(s) in Stream:
TW.SM01.00.EPZ | 2023-08-19T00:00:00.780000Z - 2023-08-20T00:00:01.930000Z | 100.0 Hz, 8640116 samples
INFO:root:the data of 231 day of year is merging, thank god
INFO:root:Now we are in the 232 day of year
INFO:root:1 Trace(s) in Stream:
TW.SM01.00.EPZ | 2023-08-20T00:00:01.940000Z - 2023-08-21T00:00:00.510000Z | 100.0 Hz, 8639858 samples
INFO:root:the data of 232 day of year is merging, thank god
INFO:root:Now we are in the 233 day of year
INFO:root:1 Trace(s) in Stream:
TW.SM01.00.EPZ | 2023-08-21T00:00:00.520000Z - 2023-08-22T00:00:00.710000Z | 100.0 Hz, 8640020 samples
INFO:root:the data of 233 day of year is merging, thank god
INFO:root:Now we are in the 234 day of year
INFO:root:1 Trace(s) in Stream:
TW.SM01.00.EPZ | 2023-08-22T00:00:00.720000Z - 2023-08-23T00:00:01.890000Z | 100.0 Hz, 8640118 samples
INFO:root:the data of 234 day of year is merging, thank god
INFO:root:Now we are in the 235 day of year
INFO:root:1 Trace(s) in Stream:
TW.SM01.00.EPZ | 2023-08-23T00:00:01.900000Z - 2023-08-24T00:00:02.550000Z | 100.0 Hz, 8640066 samples
INFO:root:the data of 235 day of year is merging, thank god
INFO:root:Now we are in the 236 day of year
INFO:root:1 Trace(s) in Stream:
TW.SM01.00.EPZ | 2023-08-24T00:00:02.560000Z - 2023-08-25T00:00:00.410000Z | 100.0 Hz, 8639786 samples
INFO:root:the data of 236 day of year is merging, thank god
INFO:root:Now we are in the 237 day of year
INFO:root:1 Trace(s) in Stream:
TW.SM01.00.EPZ | 2023-08-25T00:00:00.420000Z - 2023-08-26T00:00:01.730000Z | 100.0 Hz, 8640132 samples
INFO:root:the data of 237 day of year is merging, thank god
INFO:root:Now we are in the 238 day of year
INFO:root:1 Trace(s) in Stream:
TW.SM01.00.EPZ | 2023-08-26T00:00:01.740000Z - 2023-08-27T00:00:00.650000Z | 100.0 Hz, 8639892 samples
INFO:root:the data of 238 day of year is merging, thank god
INFO:root:Now we are in the 239 day of year
INFO:root:1 Trace(s) in Stream:
TW.SM01.00.EPZ | 2023-08-27T00:00:00.660000Z - 2023-08-28T00:00:01.270000Z | 100.0 Hz, 8640062 samples
INFO:root:the data of 239 day of year is merging, thank god
INFO:root:Now we are in the 240 day of year
INFO:root:1 Trace(s) in Stream:
TW.SM01.00.EPZ | 2023-08-28T00:00:01.280000Z - 2023-08-29T00:00:00.730000Z | 100.0 Hz, 8639946 samples
INFO:root:the data of 240 day of year is merging, thank god
INFO:root:Now we are in the 241 day of year
INFO:root:1 Trace(s) in Stream:
TW.SM01.00.EPZ | 2023-08-29T00:00:00.740000Z - 2023-08-30T00:00:00.550000Z | 100.0 Hz, 8639982 samples
INFO:root:the data of 241 day of year is merging, thank god
INFO:root:Now we are in the 242 day of year
INFO:root:1 Trace(s) in Stream:
TW.SM01.00.EPZ | 2023-08-30T00:00:00.560000Z - 2023-08-31T00:00:01.290000Z | 100.0 Hz, 8640074 samples
INFO:root:the data of 242 day of year is merging, thank god
INFO:root:Now we are in the 243 day of year
INFO:root:1 Trace(s) in Stream:
TW.SM01.00.EPZ | 2023-08-31T00:00:01.300000Z - 2023-09-01T00:00:00.180000Z | 100.0 Hz, 8639889 samples
INFO:root:the data of 243 day of year is merging, thank god
INFO:root:merging complete
INFO:root:the SM01 stream is update in dictionary!
INFO:root:Now we are in station:SM02
INFO:root:Now we are in the 213 day of year
INFO:root:1 Trace(s) in Stream:
TW.SM02.00.EPZ | 2023-08-01T00:00:02.770000Z - 2023-08-02T00:00:02.020000Z | 100.0 Hz, 8639926 samples
INFO:root:the data of 213 day of year is merging, thank god
INFO:root:Now we are in the 214 day of year
INFO:root:1 Trace(s) in Stream:
TW.SM02.00.EPZ | 2023-08-02T00:00:02.030000Z - 2023-08-03T00:00:03.800000Z | 100.0 Hz, 8640178 samples
INFO:root:the data of 214 day of year is merging, thank god
INFO:root:Now we are in the 215 day of year
INFO:root:1 Trace(s) in Stream:
TW.SM02.00.EPZ | 2023-08-03T00:00:03.810000Z - 2023-08-04T00:00:00.240000Z | 100.0 Hz, 8639644 samples
INFO:root:the data of 215 day of year is merging, thank god
INFO:root:Now we are in the 216 day of year
INFO:root:1 Trace(s) in Stream:
TW.SM02.00.EPZ | 2023-08-04T00:00:00.250000Z - 2023-08-05T00:00:02.100000Z | 100.0 Hz, 8640186 samples
INFO:root:the data of 216 day of year is merging, thank god
INFO:root:Now we are in the 217 day of year
INFO:root:1 Trace(s) in Stream:
TW.SM02.00.EPZ | 2023-08-05T00:00:02.110000Z - 2023-08-06T00:00:02.400000Z | 100.0 Hz, 8640030 samples
INFO:root:the data of 217 day of year is merging, thank god
INFO:root:Now we are in the 218 day of year
INFO:root:1 Trace(s) in Stream:
TW.SM02.00.EPZ | 2023-08-06T00:00:02.410000Z - 2023-08-07T00:00:01.240000Z | 100.0 Hz, 8639884 samples
INFO:root:the data of 218 day of year is merging, thank god
INFO:root:Now we are in the 219 day of year
INFO:root:1 Trace(s) in Stream:
TW.SM02.00.EPZ | 2023-08-07T00:00:01.250000Z - 2023-08-08T00:00:01.000000Z | 100.0 Hz, 8639976 samples
INFO:root:the data of 219 day of year is merging, thank god
INFO:root:Now we are in the 220 day of year
INFO:root:1 Trace(s) in Stream:
TW.SM02.00.EPZ | 2023-08-08T00:00:01.010000Z - 2023-08-09T00:00:01.980000Z | 100.0 Hz, 8640098 samples
INFO:root:the data of 220 day of year is merging, thank god
INFO:root:Now we are in the 221 day of year
INFO:root:1 Trace(s) in Stream:
TW.SM02.00.EPZ | 2023-08-09T00:00:01.990000Z - 2023-08-10T00:00:00.060000Z | 100.0 Hz, 8639808 samples
INFO:root:the data of 221 day of year is merging, thank god
INFO:root:Now we are in the 222 day of year
INFO:root:1 Trace(s) in Stream:
TW.SM02.00.EPZ | 2023-08-10T00:00:00.070000Z - 2023-08-11T00:00:03.840000Z | 100.0 Hz, 8640378 samples
INFO:root:the data of 222 day of year is merging, thank god
INFO:root:Now we are in the 223 day of year
INFO:root:1 Trace(s) in Stream:
TW.SM02.00.EPZ | 2023-08-11T00:00:03.850000Z - 2023-08-12T00:00:04.080000Z | 100.0 Hz, 8640024 samples
INFO:root:the data of 223 day of year is merging, thank god
INFO:root:Now we are in the 224 day of year
INFO:root:1 Trace(s) in Stream:
TW.SM02.00.EPZ | 2023-08-12T00:00:04.090000Z - 2023-08-13T00:00:00.820000Z | 100.0 Hz, 8639674 samples
INFO:root:the data of 224 day of year is merging, thank god
INFO:root:Now we are in the 225 day of year
INFO:root:1 Trace(s) in Stream:
TW.SM02.00.EPZ | 2023-08-13T00:00:00.830000Z - 2023-08-14T00:00:02.300000Z | 100.0 Hz, 8640148 samples
INFO:root:the data of 225 day of year is merging, thank god
INFO:root:Now we are in the 226 day of year
INFO:root:1 Trace(s) in Stream:
TW.SM02.00.EPZ | 2023-08-14T00:00:02.310000Z - 2023-08-15T00:00:01.860000Z | 100.0 Hz, 8639956 samples
INFO:root:the data of 226 day of year is merging, thank god
INFO:root:Now we are in the 227 day of year
INFO:root:1 Trace(s) in Stream:
TW.SM02.00.EPZ | 2023-08-15T00:00:01.870000Z - 2023-08-16T00:00:00.600000Z | 100.0 Hz, 8639874 samples
INFO:root:the data of 227 day of year is merging, thank god
INFO:root:Now we are in the 228 day of year
INFO:root:1 Trace(s) in Stream:
TW.SM02.00.EPZ | 2023-08-16T00:00:00.610000Z - 2023-08-17T00:00:02.000000Z | 100.0 Hz, 8640140 samples
INFO:root:the data of 228 day of year is merging, thank god
INFO:root:Now we are in the 229 day of year
INFO:root:1 Trace(s) in Stream:
TW.SM02.00.EPZ | 2023-08-17T00:00:02.010000Z - 2023-08-18T00:00:00.240000Z | 100.0 Hz, 8639824 samples
INFO:root:the data of 229 day of year is merging, thank god
INFO:root:Now we are in the 230 day of year
INFO:root:1 Trace(s) in Stream:
TW.SM02.00.EPZ | 2023-08-18T00:00:00.250000Z - 2023-08-19T00:00:01.840000Z | 100.0 Hz, 8640160 samples
INFO:root:the data of 230 day of year is merging, thank god
INFO:root:Now we are in the 231 day of year
INFO:root:1 Trace(s) in Stream:
TW.SM02.00.EPZ | 2023-08-19T00:00:01.850000Z - 2023-08-20T00:00:01.600000Z | 100.0 Hz, 8639976 samples
INFO:root:the data of 231 day of year is merging, thank god
INFO:root:Now we are in the 232 day of year
INFO:root:1 Trace(s) in Stream:
TW.SM02.00.EPZ | 2023-08-20T00:00:01.610000Z - 2023-08-21T00:00:01.080000Z | 100.0 Hz, 8639948 samples
INFO:root:the data of 232 day of year is merging, thank god
INFO:root:Now we are in the 233 day of year
INFO:root:1 Trace(s) in Stream:
TW.SM02.00.EPZ | 2023-08-21T00:00:01.090000Z - 2023-08-22T00:00:03.220000Z | 100.0 Hz, 8640214 samples
INFO:root:the data of 233 day of year is merging, thank god
INFO:root:Now we are in the 234 day of year
INFO:root:1 Trace(s) in Stream:
TW.SM02.00.EPZ | 2023-08-22T00:00:03.230000Z - 2023-08-23T00:00:00.080000Z | 100.0 Hz, 8639686 samples
INFO:root:the data of 234 day of year is merging, thank god
INFO:root:Now we are in the 235 day of year
INFO:root:1 Trace(s) in Stream:
TW.SM02.00.EPZ | 2023-08-23T00:00:00.090000Z - 2023-08-24T00:00:03.140000Z | 100.0 Hz, 8640306 samples
INFO:root:the data of 235 day of year is merging, thank god
INFO:root:Now we are in the 236 day of year
INFO:root:1 Trace(s) in Stream:
TW.SM02.00.EPZ | 2023-08-24T00:00:03.150000Z - 2023-08-25T00:00:01.060000Z | 100.0 Hz, 8639792 samples
INFO:root:the data of 236 day of year is merging, thank god
INFO:root:Now we are in the 237 day of year
INFO:root:1 Trace(s) in Stream:
TW.SM02.00.EPZ | 2023-08-25T00:00:01.070000Z - 2023-08-26T00:00:03.740000Z | 100.0 Hz, 8640268 samples
INFO:root:the data of 237 day of year is merging, thank god
INFO:root:Now we are in the 238 day of year
INFO:root:1 Trace(s) in Stream:
TW.SM02.00.EPZ | 2023-08-26T00:00:03.750000Z - 2023-08-27T00:00:02.420000Z | 100.0 Hz, 8639868 samples
INFO:root:the data of 238 day of year is merging, thank god
INFO:root:Now we are in the 239 day of year
INFO:root:1 Trace(s) in Stream:
TW.SM02.00.EPZ | 2023-08-27T00:00:02.430000Z - 2023-08-28T00:00:00.380000Z | 100.0 Hz, 8639796 samples
INFO:root:the data of 239 day of year is merging, thank god
INFO:root:Now we are in the 240 day of year
INFO:root:1 Trace(s) in Stream:
TW.SM02.00.EPZ | 2023-08-28T00:00:00.390000Z - 2023-08-29T00:00:00.580000Z | 100.0 Hz, 8640020 samples
INFO:root:the data of 240 day of year is merging, thank god
INFO:root:Now we are in the 241 day of year
INFO:root:1 Trace(s) in Stream:
TW.SM02.00.EPZ | 2023-08-29T00:00:00.590000Z - 2023-08-30T00:00:03.360000Z | 100.0 Hz, 8640278 samples
INFO:root:the data of 241 day of year is merging, thank god
INFO:root:Now we are in the 242 day of year
INFO:root:1 Trace(s) in Stream:
TW.SM02.00.EPZ | 2023-08-30T00:00:03.370000Z - 2023-08-31T00:00:02.140000Z | 100.0 Hz, 8639878 samples
INFO:root:the data of 242 day of year is merging, thank god
INFO:root:Now we are in the 243 day of year
INFO:root:1 Trace(s) in Stream:
TW.SM02.00.EPZ | 2023-08-31T00:00:02.150000Z - 2023-09-01T00:00:00.140000Z | 100.0 Hz, 8639800 samples
INFO:root:the data of 243 day of year is merging, thank god
INFO:root:merging complete
INFO:root:the SM02 stream is update in dictionary!
INFO:root:Now we are in station:SM19
INFO:root:Now we are in the 213 day of year
INFO:root:1 Trace(s) in Stream:
TW.SM19.00.EPZ | 2023-08-01T00:00:02.530000Z - 2023-08-02T00:00:02.860000Z | 100.0 Hz, 8640034 samples
INFO:root:the data of 213 day of year is merging, thank god
INFO:root:Now we are in the 214 day of year
INFO:root:1 Trace(s) in Stream:
TW.SM19.00.EPZ | 2023-08-02T00:00:02.869994Z - 2023-08-03T00:00:02.499994Z | 100.0 Hz, 8639964 samples
INFO:root:the data of 214 day of year is merging, thank god
INFO:root:Now we are in the 215 day of year
INFO:root:1 Trace(s) in Stream:
TW.SM19.00.EPZ | 2023-08-03T00:00:02.510000Z - 2023-08-04T00:00:00.980000Z | 100.0 Hz, 8639848 samples
INFO:root:the data of 215 day of year is merging, thank god
INFO:root:Now we are in the 216 day of year
INFO:root:1 Trace(s) in Stream:
TW.SM19.00.EPZ | 2023-08-04T00:00:00.990000Z - 2023-08-05T00:00:03.020000Z | 100.0 Hz, 8640204 samples
INFO:root:the data of 216 day of year is merging, thank god
INFO:root:Now we are in the 217 day of year
INFO:root:1 Trace(s) in Stream:
TW.SM19.00.EPZ | 2023-08-05T00:00:03.030000Z - 2023-08-06T00:00:02.180000Z | 100.0 Hz, 8639916 samples
INFO:root:the data of 217 day of year is merging, thank god
INFO:root:Now we are in the 218 day of year
INFO:root:1 Trace(s) in Stream:
TW.SM19.00.EPZ | 2023-08-06T00:00:02.190000Z - 2023-08-07T00:00:01.580000Z | 100.0 Hz, 8639940 samples
INFO:root:the data of 218 day of year is merging, thank god
INFO:root:Now we are in the 219 day of year
INFO:root:1 Trace(s) in Stream:
TW.SM19.00.EPZ | 2023-08-07T00:00:01.590000Z - 2023-08-08T00:00:02.620000Z | 100.0 Hz, 8640104 samples
INFO:root:the data of 219 day of year is merging, thank god
INFO:root:Now we are in the 220 day of year
INFO:root:1 Trace(s) in Stream:
TW.SM19.00.EPZ | 2023-08-08T00:00:02.630000Z - 2023-08-09T00:00:01.280000Z | 100.0 Hz, 8639866 samples
INFO:root:the data of 220 day of year is merging, thank god
INFO:root:Now we are in the 221 day of year
INFO:root:1 Trace(s) in Stream:
TW.SM19.00.EPZ | 2023-08-09T00:00:01.290000Z - 2023-08-10T00:00:03.520000Z | 100.0 Hz, 8640224 samples
INFO:root:the data of 221 day of year is merging, thank god
INFO:root:Now we are in the 222 day of year
INFO:root:1 Trace(s) in Stream:
TW.SM19.00.EPZ | 2023-08-10T00:00:03.530000Z - 2023-08-11T00:00:01.140000Z | 100.0 Hz, 8639762 samples
INFO:root:the data of 222 day of year is merging, thank god
INFO:root:Now we are in the 223 day of year
INFO:root:1 Trace(s) in Stream:
TW.SM19.00.EPZ | 2023-08-11T00:00:01.150000Z - 2023-08-12T00:00:03.660000Z | 100.0 Hz, 8640252 samples
INFO:root:the data of 223 day of year is merging, thank god
INFO:root:Now we are in the 224 day of year
INFO:root:1 Trace(s) in Stream:
TW.SM19.00.EPZ | 2023-08-12T00:00:03.670000Z - 2023-08-13T00:00:00.880000Z | 100.0 Hz, 8639722 samples
INFO:root:the data of 224 day of year is merging, thank god
INFO:root:Now we are in the 225 day of year
INFO:root:1 Trace(s) in Stream:
TW.SM19.00.EPZ | 2023-08-13T00:00:00.890000Z - 2023-08-14T00:00:00.020000Z | 100.0 Hz, 8639914 samples
INFO:root:the data of 225 day of year is merging, thank god
INFO:root:Now we are in the 226 day of year
INFO:root:1 Trace(s) in Stream:
TW.SM19.00.EPZ | 2023-08-14T00:00:00.030000Z - 2023-08-15T00:00:00.380000Z | 100.0 Hz, 8640036 samples
INFO:root:the data of 226 day of year is merging, thank god
INFO:root:Now we are in the 227 day of year
INFO:root:1 Trace(s) in Stream:
TW.SM19.00.EPZ | 2023-08-15T00:00:00.389999Z - 2023-08-16T00:00:01.399999Z | 100.0 Hz, 8640102 samples
INFO:root:the data of 227 day of year is merging, thank god
INFO:root:Now we are in the 228 day of year
INFO:root:1 Trace(s) in Stream:
TW.SM19.00.EPZ | 2023-08-16T00:00:01.410000Z - 2023-08-17T00:00:02.380000Z | 100.0 Hz, 8640098 samples
INFO:root:the data of 228 day of year is merging, thank god
INFO:root:Now we are in the 229 day of year
INFO:root:1 Trace(s) in Stream:
TW.SM19.00.EPZ | 2023-08-17T00:00:02.389999Z - 2023-08-18T00:00:02.479999Z | 100.0 Hz, 8640010 samples
INFO:root:the data of 229 day of year is merging, thank god
INFO:root:Now we are in the 230 day of year
INFO:root:1 Trace(s) in Stream:
TW.SM19.00.EPZ | 2023-08-18T00:00:02.490000Z - 2023-08-19T00:00:00.340000Z | 100.0 Hz, 8639786 samples
INFO:root:the data of 230 day of year is merging, thank god
INFO:root:Now we are in the 231 day of year
INFO:root:1 Trace(s) in Stream:
TW.SM19.00.EPZ | 2023-08-19T00:00:00.350000Z - 2023-08-20T00:00:01.700000Z | 100.0 Hz, 8640136 samples
INFO:root:the data of 231 day of year is merging, thank god
INFO:root:Now we are in the 232 day of year
INFO:root:1 Trace(s) in Stream:
TW.SM19.00.EPZ | 2023-08-20T00:00:01.710000Z - 2023-08-21T00:00:02.100000Z | 100.0 Hz, 8640040 samples
INFO:root:the data of 232 day of year is merging, thank god
INFO:root:Now we are in the 233 day of year
INFO:root:1 Trace(s) in Stream:
TW.SM19.00.EPZ | 2023-08-21T00:00:02.110000Z - 2023-08-22T00:00:00.800000Z | 100.0 Hz, 8639870 samples
INFO:root:the data of 233 day of year is merging, thank god
INFO:root:Now we are in the 234 day of year
INFO:root:1 Trace(s) in Stream:
TW.SM19.00.EPZ | 2023-08-22T00:00:00.810000Z - 2023-08-23T00:00:00.480000Z | 100.0 Hz, 8639968 samples
INFO:root:the data of 234 day of year is merging, thank god
INFO:root:Now we are in the 235 day of year
INFO:root:1 Trace(s) in Stream:
TW.SM19.00.EPZ | 2023-08-23T00:00:00.490000Z - 2023-08-24T00:00:01.920000Z | 100.0 Hz, 8640144 samples
INFO:root:the data of 235 day of year is merging, thank god
INFO:root:Now we are in the 236 day of year
INFO:root:1 Trace(s) in Stream:
TW.SM19.00.EPZ | 2023-08-24T00:00:01.930000Z - 2023-08-25T00:00:01.100000Z | 100.0 Hz, 8639918 samples
INFO:root:the data of 236 day of year is merging, thank god
INFO:root:Now we are in the 237 day of year
INFO:root:1 Trace(s) in Stream:
TW.SM19.00.EPZ | 2023-08-25T00:00:01.110000Z - 2023-08-26T00:00:01.060000Z | 100.0 Hz, 8639996 samples
INFO:root:the data of 237 day of year is merging, thank god
INFO:root:Now we are in the 238 day of year
INFO:root:1 Trace(s) in Stream:
TW.SM19.00.EPZ | 2023-08-26T00:00:01.070000Z - 2023-08-27T00:00:00.720000Z | 100.0 Hz, 8639966 samples
INFO:root:the data of 238 day of year is merging, thank god
INFO:root:Now we are in the 239 day of year
INFO:root:1 Trace(s) in Stream:
TW.SM19.00.EPZ | 2023-08-27T00:00:00.730000Z - 2023-08-28T00:00:00.100000Z | 100.0 Hz, 8639938 samples
INFO:root:the data of 239 day of year is merging, thank god
INFO:root:Now we are in the 240 day of year
INFO:root:1 Trace(s) in Stream:
TW.SM19.00.EPZ | 2023-08-28T00:00:00.110000Z - 2023-08-29T00:00:02.560000Z | 100.0 Hz, 8640246 samples
INFO:root:the data of 240 day of year is merging, thank god
INFO:root:Now we are in the 241 day of year
INFO:root:1 Trace(s) in Stream:
TW.SM19.00.EPZ | 2023-08-29T00:00:02.570000Z - 2023-08-30T00:00:02.520000Z | 100.0 Hz, 8639996 samples
INFO:root:the data of 241 day of year is merging, thank god
INFO:root:Now we are in the 242 day of year
INFO:root:1 Trace(s) in Stream:
TW.SM19.00.EPZ | 2023-08-30T00:00:02.530000Z - 2023-08-31T00:00:00.940000Z | 100.0 Hz, 8639842 samples
INFO:root:the data of 242 day of year is merging, thank god
INFO:root:Now we are in the 243 day of year
INFO:root:1 Trace(s) in Stream:
TW.SM19.00.EPZ | 2023-08-31T00:00:00.950000Z - 2023-09-01T00:00:00.440000Z | 100.0 Hz, 8639950 samples
INFO:root:the data of 243 day of year is merging, thank god
INFO:root:merging complete
INFO:root:the SM19 stream is update in dictionary!
INFO:root:Now we are in station:SM39
INFO:root:Now we are in the 213 day of year
INFO:root:1 Trace(s) in Stream:
TW.SM39.00.EPZ | 2023-08-01T00:00:01.050000Z - 2023-08-02T00:00:00.840000Z | 100.0 Hz, 8639980 samples
INFO:root:the data of 213 day of year is merging, thank god
INFO:root:Now we are in the 214 day of year
INFO:root:1 Trace(s) in Stream:
TW.SM39.00.EPZ | 2023-08-02T00:00:00.850000Z - 2023-08-03T00:00:00.780000Z | 100.0 Hz, 8639994 samples
INFO:root:the data of 214 day of year is merging, thank god
INFO:root:Now we are in the 215 day of year
INFO:root:1 Trace(s) in Stream:
TW.SM39.00.EPZ | 2023-08-03T00:00:00.790000Z - 2023-08-04T00:00:00.960000Z | 100.0 Hz, 8640018 samples
INFO:root:the data of 215 day of year is merging, thank god
INFO:root:Now we are in the 216 day of year
INFO:root:1 Trace(s) in Stream:
TW.SM39.00.EPZ | 2023-08-04T00:00:00.970000Z - 2023-08-05T00:00:00.420000Z | 100.0 Hz, 8639946 samples
INFO:root:the data of 216 day of year is merging, thank god
INFO:root:Now we are in the 217 day of year
INFO:root:1 Trace(s) in Stream:
TW.SM39.00.EPZ | 2023-08-05T00:00:00.430000Z - 2023-08-06T00:00:03.500000Z | 100.0 Hz, 8640308 samples
INFO:root:the data of 217 day of year is merging, thank god
INFO:root:Now we are in the 218 day of year
INFO:root:1 Trace(s) in Stream:
TW.SM39.00.EPZ | 2023-08-06T00:00:03.509999Z - 2023-08-07T00:00:01.139999Z | 100.0 Hz, 8639764 samples
INFO:root:the data of 218 day of year is merging, thank god
INFO:root:Now we are in the 219 day of year
INFO:root:1 Trace(s) in Stream:
TW.SM39.00.EPZ | 2023-08-07T00:00:01.150000Z - 2023-08-08T00:00:02.420000Z | 100.0 Hz, 8640128 samples
INFO:root:the data of 219 day of year is merging, thank god
INFO:root:Now we are in the 220 day of year
INFO:root:1 Trace(s) in Stream:
TW.SM39.00.EPZ | 2023-08-08T00:00:02.430000Z - 2023-08-09T00:00:01.600000Z | 100.0 Hz, 8639918 samples
INFO:root:the data of 220 day of year is merging, thank god
INFO:root:Now we are in the 221 day of year
INFO:root:1 Trace(s) in Stream:
TW.SM39.00.EPZ | 2023-08-09T00:00:01.610000Z - 2023-08-10T00:00:00.540000Z | 100.0 Hz, 8639894 samples
INFO:root:the data of 221 day of year is merging, thank god
INFO:root:Now we are in the 222 day of year
INFO:root:1 Trace(s) in Stream:
TW.SM39.00.EPZ | 2023-08-10T00:00:00.550000Z - 2023-08-11T00:00:03.640000Z | 100.0 Hz, 8640310 samples
INFO:root:the data of 222 day of year is merging, thank god
INFO:root:Now we are in the 223 day of year
INFO:root:1 Trace(s) in Stream:
TW.SM39.00.EPZ | 2023-08-11T00:00:03.650000Z - 2023-08-12T00:00:00.560000Z | 100.0 Hz, 8639692 samples
INFO:root:the data of 223 day of year is merging, thank god
INFO:root:Now we are in the 224 day of year
INFO:root:1 Trace(s) in Stream:
TW.SM39.00.EPZ | 2023-08-12T00:00:00.570000Z - 2023-08-13T00:00:03.660000Z | 100.0 Hz, 8640310 samples
INFO:root:the data of 224 day of year is merging, thank god
INFO:root:Now we are in the 225 day of year
INFO:root:1 Trace(s) in Stream:
TW.SM39.00.EPZ | 2023-08-13T00:00:03.670000Z - 2023-08-14T00:00:02.560000Z | 100.0 Hz, 8639890 samples
INFO:root:the data of 225 day of year is merging, thank god
INFO:root:Now we are in the 226 day of year
INFO:root:1 Trace(s) in Stream:
TW.SM39.00.EPZ | 2023-08-14T00:00:02.570000Z - 2023-08-15T00:00:03.920000Z | 100.0 Hz, 8640136 samples
INFO:root:the data of 226 day of year is merging, thank god
INFO:root:Now we are in the 227 day of year
INFO:root:1 Trace(s) in Stream:
TW.SM39.00.EPZ | 2023-08-15T00:00:03.930000Z - 2023-08-16T00:00:00.400000Z | 100.0 Hz, 8639648 samples
INFO:root:the data of 227 day of year is merging, thank god
INFO:root:Now we are in the 228 day of year
INFO:root:1 Trace(s) in Stream:
TW.SM39.00.EPZ | 2023-08-16T00:00:00.410000Z - 2023-08-17T00:00:01.680000Z | 100.0 Hz, 8640128 samples
INFO:root:the data of 228 day of year is merging, thank god
INFO:root:Now we are in the 229 day of year
INFO:root:1 Trace(s) in Stream:
TW.SM39.00.EPZ | 2023-08-17T00:00:01.690000Z - 2023-08-18T00:00:00.580000Z | 100.0 Hz, 8639890 samples
INFO:root:the data of 229 day of year is merging, thank god
INFO:root:Now we are in the 230 day of year
INFO:root:1 Trace(s) in Stream:
TW.SM39.00.EPZ | 2023-08-18T00:00:00.590000Z - 2023-08-19T00:00:02.320000Z | 100.0 Hz, 8640174 samples
INFO:root:the data of 230 day of year is merging, thank god
INFO:root:Now we are in the 231 day of year
INFO:root:1 Trace(s) in Stream:
TW.SM39.00.EPZ | 2023-08-19T00:00:02.330000Z - 2023-08-20T00:00:02.940000Z | 100.0 Hz, 8640062 samples
INFO:root:the data of 231 day of year is merging, thank god
INFO:root:Now we are in the 232 day of year
INFO:root:1 Trace(s) in Stream:
TW.SM39.00.EPZ | 2023-08-20T00:00:02.950000Z - 2023-08-21T00:00:02.600000Z | 100.0 Hz, 8639966 samples
INFO:root:the data of 232 day of year is merging, thank god
INFO:root:Now we are in the 233 day of year
INFO:root:1 Trace(s) in Stream:
TW.SM39.00.EPZ | 2023-08-21T00:00:02.610000Z - 2023-08-22T00:00:01.700000Z | 100.0 Hz, 8639910 samples
INFO:root:the data of 233 day of year is merging, thank god
INFO:root:Now we are in the 234 day of year
INFO:root:1 Trace(s) in Stream:
TW.SM39.00.EPZ | 2023-08-22T00:00:01.710000Z - 2023-08-23T00:00:03.900000Z | 100.0 Hz, 8640220 samples
INFO:root:the data of 234 day of year is merging, thank god
INFO:root:Now we are in the 235 day of year
INFO:root:1 Trace(s) in Stream:
TW.SM39.00.EPZ | 2023-08-23T00:00:03.910000Z - 2023-08-24T00:00:02.020000Z | 100.0 Hz, 8639812 samples
INFO:root:the data of 235 day of year is merging, thank god
INFO:root:Now we are in the 236 day of year
INFO:root:1 Trace(s) in Stream:
TW.SM39.00.EPZ | 2023-08-24T00:00:02.030000Z - 2023-08-25T00:00:02.060000Z | 100.0 Hz, 8640004 samples
INFO:root:the data of 236 day of year is merging, thank god
INFO:root:Now we are in the 237 day of year
INFO:root:1 Trace(s) in Stream:
TW.SM39.00.EPZ | 2023-08-25T00:00:02.070000Z - 2023-08-26T00:00:00.600000Z | 100.0 Hz, 8639854 samples
INFO:root:the data of 237 day of year is merging, thank god
INFO:root:Now we are in the 238 day of year
INFO:root:1 Trace(s) in Stream:
TW.SM39.00.EPZ | 2023-08-26T00:00:00.610000Z - 2023-08-27T00:00:01.560000Z | 100.0 Hz, 8640096 samples
INFO:root:the data of 238 day of year is merging, thank god
INFO:root:Now we are in the 239 day of year
INFO:root:1 Trace(s) in Stream:
TW.SM39.00.EPZ | 2023-08-27T00:00:01.570000Z - 2023-08-28T00:00:03.500000Z | 100.0 Hz, 8640194 samples
INFO:root:the data of 239 day of year is merging, thank god
INFO:root:Now we are in the 240 day of year
INFO:root:1 Trace(s) in Stream:
TW.SM39.00.EPZ | 2023-08-28T00:00:03.510000Z - 2023-08-29T00:00:00.850000Z | 100.0 Hz, 8639735 samples
INFO:root:the data of 240 day of year is merging, thank god
INFO:root:Now we are in the 241 day of year
INFO:root:1 Trace(s) in Stream:
TW.SM39.00.EPZ | 2023-08-29T00:00:00.859999Z - 2023-08-30T00:00:02.739999Z | 100.0 Hz, 8640189 samples
INFO:root:the data of 241 day of year is merging, thank god
INFO:root:Now we are in the 242 day of year
INFO:root:1 Trace(s) in Stream:
TW.SM39.00.EPZ | 2023-08-30T00:00:02.750000Z - 2023-08-31T00:00:03.700000Z | 100.0 Hz, 8640096 samples
INFO:root:the data of 242 day of year is merging, thank god
INFO:root:Now we are in the 243 day of year
INFO:root:1 Trace(s) in Stream:
TW.SM39.00.EPZ | 2023-08-31T00:00:03.710000Z - 2023-09-01T00:00:00.780000Z | 100.0 Hz, 8639708 samples
INFO:root:the data of 243 day of year is merging, thank god
INFO:root:merging complete
INFO:root:the SM39 stream is update in dictionary!
INFO:root:Now we are in station:SM06
INFO:root:Now we are in the 213 day of year
INFO:root:1 Trace(s) in Stream:
TW.SM06.00.EPZ | 2023-08-01T00:00:01.930000Z - 2023-08-02T00:00:01.010000Z | 100.0 Hz, 8639909 samples
INFO:root:the data of 213 day of year is merging, thank god
INFO:root:Now we are in the 214 day of year
INFO:root:1 Trace(s) in Stream:
TW.SM06.00.EPZ | 2023-08-02T00:00:01.020000Z - 2023-08-03T00:00:00.570000Z | 100.0 Hz, 8639956 samples
INFO:root:the data of 214 day of year is merging, thank god
INFO:root:Now we are in the 215 day of year
INFO:root:1 Trace(s) in Stream:
TW.SM06.00.EPZ | 2023-08-03T00:00:00.580000Z - 2023-08-04T00:00:00.550000Z | 100.0 Hz, 8639998 samples
INFO:root:the data of 215 day of year is merging, thank god
INFO:root:Now we are in the 216 day of year
INFO:root:1 Trace(s) in Stream:
TW.SM06.00.EPZ | 2023-08-04T00:00:00.560000Z - 2023-08-05T00:00:00.210000Z | 100.0 Hz, 8639966 samples
INFO:root:the data of 216 day of year is merging, thank god
INFO:root:Now we are in the 217 day of year
INFO:root:1 Trace(s) in Stream:
TW.SM06.00.EPZ | 2023-08-05T00:00:00.220000Z - 2023-08-06T00:00:00.170000Z | 100.0 Hz, 8639996 samples
INFO:root:the data of 217 day of year is merging, thank god
INFO:root:Now we are in the 218 day of year
INFO:root:1 Trace(s) in Stream:
TW.SM06.00.EPZ | 2023-08-06T00:00:00.180000Z - 2023-08-07T00:00:00.370000Z | 100.0 Hz, 8640020 samples
INFO:root:the data of 218 day of year is merging, thank god
INFO:root:Now we are in the 219 day of year
INFO:root:1 Trace(s) in Stream:
TW.SM06.00.EPZ | 2023-08-07T00:00:00.380000Z - 2023-08-08T00:00:01.370000Z | 100.0 Hz, 8640100 samples
INFO:root:the data of 219 day of year is merging, thank god
INFO:root:Now we are in the 220 day of year
INFO:root:1 Trace(s) in Stream:
TW.SM06.00.EPZ | 2023-08-08T00:00:01.380001Z - 2023-08-08T23:59:59.990001Z | 100.0 Hz, 8639862 samples
INFO:root:the data of 220 day of year is merging, thank god
INFO:root:Now we are in the 221 day of year
INFO:root:1 Trace(s) in Stream:
TW.SM06.00.EPZ | 2023-08-09T00:00:00.000000Z - 2023-08-10T00:00:01.510000Z | 100.0 Hz, 8640152 samples
INFO:root:the data of 221 day of year is merging, thank god
INFO:root:Now we are in the 222 day of year
INFO:root:1 Trace(s) in Stream:
TW.SM06.00.EPZ | 2023-08-10T00:00:01.520000Z - 2023-08-11T00:00:02.130000Z | 100.0 Hz, 8640062 samples
INFO:root:the data of 222 day of year is merging, thank god
INFO:root:Now we are in the 223 day of year
INFO:root:1 Trace(s) in Stream:
TW.SM06.00.EPZ | 2023-08-11T00:00:02.140000Z - 2023-08-12T00:00:02.130000Z | 100.0 Hz, 8640000 samples
INFO:root:the data of 223 day of year is merging, thank god
INFO:root:Now we are in the 224 day of year
INFO:root:1 Trace(s) in Stream:
TW.SM06.00.EPZ | 2023-08-12T00:00:02.140001Z - 2023-08-13T00:00:00.990001Z | 100.0 Hz, 8639886 samples
INFO:root:the data of 224 day of year is merging, thank god
INFO:root:Now we are in the 225 day of year
INFO:root:1 Trace(s) in Stream:
TW.SM06.00.EPZ | 2023-08-13T00:00:01.000000Z - 2023-08-14T00:00:01.550000Z | 100.0 Hz, 8640056 samples
INFO:root:the data of 225 day of year is merging, thank god
INFO:root:Now we are in the 226 day of year
INFO:root:1 Trace(s) in Stream:
TW.SM06.00.EPZ | 2023-08-14T00:00:01.560000Z - 2023-08-15T00:00:01.890000Z | 100.0 Hz, 8640034 samples
INFO:root:the data of 226 day of year is merging, thank god
INFO:root:Now we are in the 227 day of year
INFO:root:1 Trace(s) in Stream:
TW.SM06.00.EPZ | 2023-08-15T00:00:01.900000Z - 2023-08-16T00:00:03.470000Z | 100.0 Hz, 8640158 samples
INFO:root:the data of 227 day of year is merging, thank god
INFO:root:Now we are in the 228 day of year
INFO:root:1 Trace(s) in Stream:
TW.SM06.00.EPZ | 2023-08-16T00:00:03.480000Z - 2023-08-17T00:00:01.210000Z | 100.0 Hz, 8639774 samples
INFO:root:the data of 228 day of year is merging, thank god
INFO:root:Now we are in the 229 day of year
INFO:root:1 Trace(s) in Stream:
TW.SM06.00.EPZ | 2023-08-17T00:00:01.220000Z - 2023-08-18T00:00:03.310000Z | 100.0 Hz, 8640210 samples
INFO:root:the data of 229 day of year is merging, thank god
INFO:root:Now we are in the 230 day of year
INFO:root:1 Trace(s) in Stream:
TW.SM06.00.EPZ | 2023-08-18T00:00:03.320000Z - 2023-08-19T00:00:00.870000Z | 100.0 Hz, 8639756 samples
INFO:root:the data of 230 day of year is merging, thank god
INFO:root:Now we are in the 231 day of year
INFO:root:1 Trace(s) in Stream:
TW.SM06.00.EPZ | 2023-08-19T00:00:00.880000Z - 2023-08-20T00:00:01.950000Z | 100.0 Hz, 8640108 samples
INFO:root:the data of 231 day of year is merging, thank god
INFO:root:Now we are in the 232 day of year
INFO:root:1 Trace(s) in Stream:
TW.SM06.00.EPZ | 2023-08-20T00:00:01.960001Z - 2023-08-21T00:00:00.050001Z | 100.0 Hz, 8639810 samples
INFO:root:the data of 232 day of year is merging, thank god
INFO:root:Now we are in the 233 day of year
INFO:root:1 Trace(s) in Stream:
TW.SM06.00.EPZ | 2023-08-21T00:00:00.060000Z - 2023-08-22T00:00:00.310000Z | 100.0 Hz, 8640026 samples
INFO:root:the data of 233 day of year is merging, thank god
INFO:root:Now we are in the 234 day of year
INFO:root:1 Trace(s) in Stream:
TW.SM06.00.EPZ | 2023-08-22T00:00:00.320000Z - 2023-08-23T00:00:03.630000Z | 100.0 Hz, 8640332 samples
INFO:root:the data of 234 day of year is merging, thank god
INFO:root:Now we are in the 235 day of year
INFO:root:1 Trace(s) in Stream:
TW.SM06.00.EPZ | 2023-08-23T00:00:03.640000Z - 2023-08-24T00:00:01.770000Z | 100.0 Hz, 8639814 samples
INFO:root:the data of 235 day of year is merging, thank god
INFO:root:Now we are in the 236 day of year
INFO:root:1 Trace(s) in Stream:
TW.SM06.00.EPZ | 2023-08-24T00:00:01.780000Z - 2023-08-24T23:33:25.310000Z | 100.0 Hz, 8480354 samples
INFO:root:the data of 236 day of year is merging, thank god
INFO:root:Now we are in the 237 day of year
INFO:root:1 Trace(s) in Stream:
TW.SM06.00.EPZ | 2023-08-25T09:49:11.490000Z - 2023-08-26T00:00:03.130000Z | 100.0 Hz, 5105165 samples
INFO:root:the data of 237 day of year is merging, thank god
INFO:root:Now we are in the 238 day of year
INFO:root:1 Trace(s) in Stream:
TW.SM06.00.EPZ | 2023-08-26T00:00:03.140000Z - 2023-08-27T00:00:00.190000Z | 100.0 Hz, 8639706 samples
INFO:root:the data of 238 day of year is merging, thank god
INFO:root:Now we are in the 239 day of year
INFO:root:1 Trace(s) in Stream:
TW.SM06.00.EPZ | 2023-08-27T00:00:00.200000Z - 2023-08-28T00:00:00.230000Z | 100.0 Hz, 8640004 samples
INFO:root:the data of 239 day of year is merging, thank god
INFO:root:Now we are in the 240 day of year
INFO:root:1 Trace(s) in Stream:
TW.SM06.00.EPZ | 2023-08-28T00:00:00.240000Z - 2023-08-29T00:00:02.910000Z | 100.0 Hz, 8640268 samples
INFO:root:the data of 240 day of year is merging, thank god
INFO:root:Now we are in the 241 day of year
INFO:root:1 Trace(s) in Stream:
TW.SM06.00.EPZ | 2023-08-29T00:00:02.920000Z - 2023-08-30T00:00:00.090000Z | 100.0 Hz, 8639718 samples
INFO:root:the data of 241 day of year is merging, thank god
INFO:root:Now we are in the 242 day of year
INFO:root:1 Trace(s) in Stream:
TW.SM06.00.EPZ | 2023-08-30T00:00:00.100000Z - 2023-08-31T00:00:01.980000Z | 100.0 Hz, 8640189 samples
INFO:root:the data of 242 day of year is merging, thank god
INFO:root:Now we are in the 243 day of year
INFO:root:1 Trace(s) in Stream:
TW.SM06.00.EPZ | 2023-08-31T00:00:01.990000Z - 2023-09-01T00:00:00.260000Z | 100.0 Hz, 8639828 samples
INFO:root:the data of 243 day of year is merging, thank god
INFO:root:merging complete
INFO:root:the SM06 stream is update in dictionary!
INFO:root:Now we are in station:SM40
INFO:root:Now we are in the 213 day of year
INFO:root:1 Trace(s) in Stream:
TW.SM40.00.EPZ | 2023-08-01T00:00:01.970000Z - 2023-08-02T00:00:01.620000Z | 100.0 Hz, 8639966 samples
INFO:root:the data of 213 day of year is merging, thank god
INFO:root:Now we are in the 214 day of year
INFO:root:1 Trace(s) in Stream:
TW.SM40.00.EPZ | 2023-08-02T00:00:01.630000Z - 2023-08-03T00:00:00.440000Z | 100.0 Hz, 8639882 samples
INFO:root:the data of 214 day of year is merging, thank god
INFO:root:Now we are in the 215 day of year
INFO:root:1 Trace(s) in Stream:
TW.SM40.00.EPZ | 2023-08-03T00:00:00.450000Z - 2023-08-04T00:00:00.140000Z | 100.0 Hz, 8639970 samples
INFO:root:the data of 215 day of year is merging, thank god
INFO:root:Now we are in the 216 day of year
INFO:root:1 Trace(s) in Stream:
TW.SM40.00.EPZ | 2023-08-04T00:00:00.150000Z - 2023-08-05T00:00:00.920000Z | 100.0 Hz, 8640078 samples
INFO:root:the data of 216 day of year is merging, thank god
INFO:root:Now we are in the 217 day of year
INFO:root:1 Trace(s) in Stream:
TW.SM40.00.EPZ | 2023-08-05T00:00:00.930000Z - 2023-08-06T00:00:01.420000Z | 100.0 Hz, 8640050 samples
INFO:root:the data of 217 day of year is merging, thank god
INFO:root:Now we are in the 218 day of year
INFO:root:1 Trace(s) in Stream:
TW.SM40.00.EPZ | 2023-08-06T00:00:01.430000Z - 2023-08-07T00:00:00.300000Z | 100.0 Hz, 8639888 samples
INFO:root:the data of 218 day of year is merging, thank god
INFO:root:Now we are in the 219 day of year
INFO:root:1 Trace(s) in Stream:
TW.SM40.00.EPZ | 2023-08-07T00:00:00.310000Z - 2023-08-08T00:00:01.720000Z | 100.0 Hz, 8640142 samples
INFO:root:the data of 219 day of year is merging, thank god
INFO:root:Now we are in the 220 day of year
INFO:root:1 Trace(s) in Stream:
TW.SM40.00.EPZ | 2023-08-08T00:00:01.730000Z - 2023-08-09T00:00:00.460000Z | 100.0 Hz, 8639874 samples
INFO:root:the data of 220 day of year is merging, thank god
INFO:root:Now we are in the 221 day of year
INFO:root:1 Trace(s) in Stream:
TW.SM40.00.EPZ | 2023-08-09T00:00:00.470000Z - 2023-08-10T00:00:01.220000Z | 100.0 Hz, 8640076 samples
INFO:root:the data of 221 day of year is merging, thank god
INFO:root:Now we are in the 222 day of year
INFO:root:1 Trace(s) in Stream:
TW.SM40.00.EPZ | 2023-08-10T00:00:01.230000Z - 2023-08-11T00:00:02.020000Z | 100.0 Hz, 8640080 samples
INFO:root:the data of 222 day of year is merging, thank god
INFO:root:Now we are in the 223 day of year
INFO:root:1 Trace(s) in Stream:
TW.SM40.00.EPZ | 2023-08-11T00:00:02.030000Z - 2023-08-12T00:00:02.220000Z | 100.0 Hz, 8640020 samples
INFO:root:the data of 223 day of year is merging, thank god
INFO:root:Now we are in the 224 day of year
INFO:root:1 Trace(s) in Stream:
TW.SM40.00.EPZ | 2023-08-12T00:00:02.230000Z - 2023-08-13T00:00:01.980000Z | 100.0 Hz, 8639976 samples
INFO:root:the data of 224 day of year is merging, thank god
INFO:root:Now we are in the 225 day of year
INFO:root:1 Trace(s) in Stream:
TW.SM40.00.EPZ | 2023-08-13T00:00:01.990000Z - 2023-08-14T00:00:01.220000Z | 100.0 Hz, 8639924 samples
INFO:root:the data of 225 day of year is merging, thank god
INFO:root:Now we are in the 226 day of year
INFO:root:1 Trace(s) in Stream:
TW.SM40.00.EPZ | 2023-08-14T00:00:01.230000Z - 2023-08-15T00:00:00.840000Z | 100.0 Hz, 8639962 samples
INFO:root:the data of 226 day of year is merging, thank god
INFO:root:Now we are in the 227 day of year
INFO:root:1 Trace(s) in Stream:
TW.SM40.00.EPZ | 2023-08-15T00:00:00.850000Z - 2023-08-16T00:00:00.300000Z | 100.0 Hz, 8639946 samples
INFO:root:the data of 227 day of year is merging, thank god
INFO:root:Now we are in the 228 day of year
INFO:root:1 Trace(s) in Stream:
TW.SM40.00.EPZ | 2023-08-16T00:00:00.310000Z - 2023-08-17T00:00:00.580000Z | 100.0 Hz, 8640028 samples
INFO:root:the data of 228 day of year is merging, thank god
INFO:root:Now we are in the 229 day of year
INFO:root:1 Trace(s) in Stream:
TW.SM40.00.EPZ | 2023-08-17T00:00:00.590000Z - 2023-08-18T00:00:00.360000Z | 100.0 Hz, 8639978 samples
INFO:root:the data of 229 day of year is merging, thank god
INFO:root:Now we are in the 230 day of year
INFO:root:1 Trace(s) in Stream:
TW.SM40.00.EPZ | 2023-08-18T00:00:00.370000Z - 2023-08-19T00:00:03.060000Z | 100.0 Hz, 8640270 samples
INFO:root:the data of 230 day of year is merging, thank god
INFO:root:Now we are in the 231 day of year
INFO:root:1 Trace(s) in Stream:
TW.SM40.00.EPZ | 2023-08-19T00:00:03.070000Z - 2023-08-20T00:00:01.860000Z | 100.0 Hz, 8639880 samples
INFO:root:the data of 231 day of year is merging, thank god
INFO:root:Now we are in the 232 day of year
INFO:root:1 Trace(s) in Stream:
TW.SM40.00.EPZ | 2023-08-20T00:00:01.870000Z - 2023-08-21T00:00:02.440000Z | 100.0 Hz, 8640058 samples
INFO:root:the data of 232 day of year is merging, thank god
INFO:root:Now we are in the 233 day of year
INFO:root:1 Trace(s) in Stream:
TW.SM40.00.EPZ | 2023-08-21T00:00:02.450000Z - 2023-08-22T00:00:00.480000Z | 100.0 Hz, 8639804 samples
INFO:root:the data of 233 day of year is merging, thank god
INFO:root:Now we are in the 234 day of year
INFO:root:1 Trace(s) in Stream:
TW.SM40.00.EPZ | 2023-08-22T00:00:00.490000Z - 2023-08-23T00:00:00.420000Z | 100.0 Hz, 8639994 samples
INFO:root:the data of 234 day of year is merging, thank god
INFO:root:Now we are in the 235 day of year
INFO:root:1 Trace(s) in Stream:
TW.SM40.00.EPZ | 2023-08-23T00:00:00.430000Z - 2023-08-24T00:00:02.080000Z | 100.0 Hz, 8640166 samples
INFO:root:the data of 235 day of year is merging, thank god
INFO:root:Now we are in the 236 day of year
INFO:root:1 Trace(s) in Stream:
TW.SM40.00.EPZ | 2023-08-24T00:00:02.090000Z - 2023-08-25T00:00:00.620000Z | 100.0 Hz, 8639854 samples
INFO:root:the data of 236 day of year is merging, thank god
INFO:root:Now we are in the 237 day of year
INFO:root:1 Trace(s) in Stream:
TW.SM40.00.EPZ | 2023-08-25T00:00:00.630001Z - 2023-08-26T00:00:02.180001Z | 100.0 Hz, 8640156 samples
INFO:root:the data of 237 day of year is merging, thank god
INFO:root:Now we are in the 238 day of year
INFO:root:1 Trace(s) in Stream:
TW.SM40.00.EPZ | 2023-08-26T00:00:02.190000Z - 2023-08-27T00:00:01.600000Z | 100.0 Hz, 8639942 samples
INFO:root:the data of 238 day of year is merging, thank god
INFO:root:Now we are in the 239 day of year
INFO:root:1 Trace(s) in Stream:
TW.SM40.00.EPZ | 2023-08-27T00:00:01.610000Z - 2023-08-28T00:00:00.620000Z | 100.0 Hz, 8639902 samples
INFO:root:the data of 239 day of year is merging, thank god
INFO:root:Now we are in the 240 day of year
INFO:root:1 Trace(s) in Stream:
TW.SM40.00.EPZ | 2023-08-28T00:00:00.630000Z - 2023-08-29T00:00:00.280000Z | 100.0 Hz, 8639966 samples
INFO:root:the data of 240 day of year is merging, thank god
INFO:root:Now we are in the 241 day of year
INFO:root:1 Trace(s) in Stream:
TW.SM40.00.EPZ | 2023-08-29T00:00:00.290000Z - 2023-08-30T00:00:01.520000Z | 100.0 Hz, 8640124 samples
INFO:root:the data of 241 day of year is merging, thank god
INFO:root:Now we are in the 242 day of year
INFO:root:1 Trace(s) in Stream:
TW.SM40.00.EPZ | 2023-08-30T00:00:01.530000Z - 2023-08-31T00:00:00.180000Z | 100.0 Hz, 8639866 samples
INFO:root:the data of 242 day of year is merging, thank god
INFO:root:Now we are in the 243 day of year
INFO:root:1 Trace(s) in Stream:
TW.SM40.00.EPZ | 2023-08-31T00:00:00.190000Z - 2023-09-01T00:00:00.480000Z | 100.0 Hz, 8640030 samples
INFO:root:the data of 243 day of year is merging, thank god
INFO:root:merging complete
INFO:root:the SM40 stream is update in dictionary!
INFO:root:Now we are in station:SM37
INFO:root:Now we are in the 213 day of year
INFO:root:1 Trace(s) in Stream:
TW.SM37.00.EPZ | 2023-08-01T00:00:01.337519Z - 2023-08-02T00:00:01.227519Z | 100.0 Hz, 8639990 samples
INFO:root:the data of 213 day of year is merging, thank god
INFO:root:Now we are in the 214 day of year
INFO:root:1 Trace(s) in Stream:
TW.SM37.00.EPZ | 2023-08-02T00:00:01.237519Z - 2023-08-03T00:00:01.207519Z | 100.0 Hz, 8639998 samples
INFO:root:the data of 214 day of year is merging, thank god
INFO:root:Now we are in the 215 day of year
INFO:root:1 Trace(s) in Stream:
TW.SM37.00.EPZ | 2023-08-03T00:00:01.217519Z - 2023-08-04T00:00:00.177519Z | 100.0 Hz, 8639897 samples
INFO:root:the data of 215 day of year is merging, thank god
INFO:root:Now we are in the 216 day of year
INFO:root:1 Trace(s) in Stream:
TW.SM37.00.EPZ | 2023-08-04T00:00:00.187519Z - 2023-08-05T00:00:00.277519Z | 100.0 Hz, 8640010 samples
INFO:root:the data of 216 day of year is merging, thank god
INFO:root:Now we are in the 217 day of year
INFO:root:1 Trace(s) in Stream:
TW.SM37.00.EPZ | 2023-08-05T00:00:00.287519Z - 2023-08-06T00:00:00.677519Z | 100.0 Hz, 8640040 samples
INFO:root:the data of 217 day of year is merging, thank god
INFO:root:Now we are in the 218 day of year
INFO:root:1 Trace(s) in Stream:
TW.SM37.00.EPZ | 2023-08-06T00:00:00.687519Z - 2023-08-07T00:00:00.657519Z | 100.0 Hz, 8639998 samples
INFO:root:the data of 218 day of year is merging, thank god
INFO:root:Now we are in the 219 day of year
INFO:root:1 Trace(s) in Stream:
TW.SM37.00.EPZ | 2023-08-07T00:00:00.667519Z - 2023-08-08T00:00:00.207519Z | 100.0 Hz, 8639955 samples
INFO:root:the data of 219 day of year is merging, thank god
INFO:root:Now we are in the 220 day of year
INFO:root:1 Trace(s) in Stream:
TW.SM37.00.EPZ | 2023-08-08T00:00:00.217519Z - 2023-08-09T00:00:01.047519Z | 100.0 Hz, 8640084 samples
INFO:root:the data of 220 day of year is merging, thank god
INFO:root:Now we are in the 221 day of year
INFO:root:1 Trace(s) in Stream:
TW.SM37.00.EPZ | 2023-08-09T00:00:01.057519Z - 2023-08-10T00:00:00.347519Z | 100.0 Hz, 8639930 samples
INFO:root:the data of 221 day of year is merging, thank god
INFO:root:Now we are in the 222 day of year
INFO:root:1 Trace(s) in Stream:
TW.SM37.00.EPZ | 2023-08-10T00:00:00.357519Z - 2023-08-11T00:00:00.237519Z | 100.0 Hz, 8639989 samples
INFO:root:the data of 222 day of year is merging, thank god
INFO:root:Now we are in the 223 day of year
INFO:root:1 Trace(s) in Stream:
TW.SM37.00.EPZ | 2023-08-11T00:00:00.247519Z - 2023-08-12T00:00:00.987519Z | 100.0 Hz, 8640075 samples
INFO:root:the data of 223 day of year is merging, thank god
INFO:root:Now we are in the 224 day of year
INFO:root:1 Trace(s) in Stream:
TW.SM37.00.EPZ | 2023-08-12T00:00:00.997519Z - 2023-08-12T08:19:54.857519Z | 100.0 Hz, 2999387 samples
INFO:root:the data of 224 day of year is merging, thank god
INFO:root:Now we are in the 225 day of year
ERROR:root:Error processing thorugh the 225 day of year: list index out of range
INFO:root:Now we are in the 226 day of year
ERROR:root:Error processing thorugh the 226 day of year: list index out of range
INFO:root:Now we are in the 227 day of year
ERROR:root:Error processing thorugh the 227 day of year: list index out of range
INFO:root:Now we are in the 228 day of year
ERROR:root:Error processing thorugh the 228 day of year: list index out of range
INFO:root:Now we are in the 229 day of year
ERROR:root:Error processing thorugh the 229 day of year: list index out of range
INFO:root:Now we are in the 230 day of year
ERROR:root:Error processing thorugh the 230 day of year: list index out of range
INFO:root:Now we are in the 231 day of year
ERROR:root:Error processing thorugh the 231 day of year: list index out of range
INFO:root:Now we are in the 232 day of year
ERROR:root:Error processing thorugh the 232 day of year: list index out of range
INFO:root:Now we are in the 233 day of year
ERROR:root:Error processing thorugh the 233 day of year: list index out of range
INFO:root:Now we are in the 234 day of year
ERROR:root:Error processing thorugh the 234 day of year: list index out of range
INFO:root:Now we are in the 235 day of year
ERROR:root:Error processing thorugh the 235 day of year: list index out of range
INFO:root:Now we are in the 236 day of year
ERROR:root:Error processing thorugh the 236 day of year: list index out of range
INFO:root:Now we are in the 237 day of year
ERROR:root:Error processing thorugh the 237 day of year: list index out of range
INFO:root:Now we are in the 238 day of year
ERROR:root:Error processing thorugh the 238 day of year: list index out of range
INFO:root:Now we are in the 239 day of year
ERROR:root:Error processing thorugh the 239 day of year: list index out of range
INFO:root:Now we are in the 240 day of year
ERROR:root:Error processing thorugh the 240 day of year: list index out of range
INFO:root:Now we are in the 241 day of year
ERROR:root:Error processing thorugh the 241 day of year: list index out of range
INFO:root:Now we are in the 242 day of year
ERROR:root:Error processing thorugh the 242 day of year: list index out of range
INFO:root:Now we are in the 243 day of year
ERROR:root:Error processing thorugh the 243 day of year: list index out of range
INFO:root:merging complete
INFO:root:the SM37 stream is update in dictionary!
INFO:root:the 2023-08-02T00:00:01.130000Z next
INFO:root:the 2023-08-03T00:00:01.130000Z next
INFO:root:the 2023-08-04T00:00:01.130000Z next
INFO:root:the 2023-08-05T00:00:01.130000Z next
INFO:root:the 2023-08-06T00:00:01.130000Z next
INFO:root:the 2023-08-07T00:00:01.130000Z next
INFO:root:the 2023-08-08T00:00:01.130000Z next
INFO:root:the 2023-08-09T00:00:01.130000Z next
INFO:root:the 2023-08-10T00:00:01.130000Z next
INFO:root:the 2023-08-11T00:00:01.130000Z next
INFO:root:the 2023-08-12T00:00:01.130000Z next
INFO:root:the 2023-08-13T00:00:01.130000Z next
INFO:root:the 2023-08-14T00:00:01.130000Z next
INFO:root:the 2023-08-15T00:00:01.130000Z next
INFO:root:the 2023-08-16T00:00:01.130000Z next
INFO:root:the 2023-08-17T00:00:01.130000Z next
INFO:root:the 2023-08-18T00:00:01.130000Z next
INFO:root:the 2023-08-19T00:00:01.130000Z next
INFO:root:the 2023-08-20T00:00:01.130000Z next
INFO:root:the 2023-08-21T00:00:01.130000Z next
INFO:root:the 2023-08-22T00:00:01.130000Z next
INFO:root:the 2023-08-23T00:00:01.130000Z next
INFO:root:the 2023-08-24T00:00:01.130000Z next
INFO:root:the 2023-08-25T00:00:01.130000Z next
INFO:root:the 2023-08-26T00:00:01.130000Z next
INFO:root:the 2023-08-27T00:00:01.130000Z next
INFO:root:the 2023-08-28T00:00:01.130000Z next
INFO:root:the 2023-08-29T00:00:01.130000Z next
INFO:root:the 2023-08-30T00:00:01.130000Z next
INFO:root:the 2023-08-31T00:00:01.130000Z next
INFO:root:the 2023-09-01T00:00:01.130000Z next
INFO:root:save your tears for another day
INFO:root:Now we are in station:SM09
INFO:root:Now we are in the 213 day of year
INFO:root:1 Trace(s) in Stream:
TW.SM09.00.EPZ | 2023-08-01T00:00:01.050000Z - 2023-08-02T00:00:00.280000Z | 100.0 Hz, 8639924 samples
INFO:root:the data of 213 day of year is merging, thank god
INFO:root:Now we are in the 214 day of year
INFO:root:1 Trace(s) in Stream:
TW.SM09.00.EPZ | 2023-08-02T00:00:00.290000Z - 2023-08-03T00:00:02.620000Z | 100.0 Hz, 8640234 samples
INFO:root:the data of 214 day of year is merging, thank god
INFO:root:Now we are in the 215 day of year
INFO:root:1 Trace(s) in Stream:
TW.SM09.00.EPZ | 2023-08-03T00:00:02.630000Z - 2023-08-04T00:00:02.280000Z | 100.0 Hz, 8639966 samples
INFO:root:the data of 215 day of year is merging, thank god
INFO:root:Now we are in the 216 day of year
INFO:root:1 Trace(s) in Stream:
TW.SM09.00.EPZ | 2023-08-04T00:00:02.290000Z - 2023-08-05T00:00:01.980000Z | 100.0 Hz, 8639970 samples
INFO:root:the data of 216 day of year is merging, thank god
INFO:root:Now we are in the 217 day of year
INFO:root:1 Trace(s) in Stream:
TW.SM09.00.EPZ | 2023-08-05T00:00:01.990000Z - 2023-08-06T00:00:00.240000Z | 100.0 Hz, 8639826 samples
INFO:root:the data of 217 day of year is merging, thank god
INFO:root:Now we are in the 218 day of year
INFO:root:1 Trace(s) in Stream:
TW.SM09.00.EPZ | 2023-08-06T00:00:00.250000Z - 2023-08-07T00:00:01.520000Z | 100.0 Hz, 8640128 samples
INFO:root:the data of 218 day of year is merging, thank god
INFO:root:Now we are in the 219 day of year
INFO:root:1 Trace(s) in Stream:
TW.SM09.00.EPZ | 2023-08-07T00:00:01.530000Z - 2023-08-08T00:00:02.860000Z | 100.0 Hz, 8640134 samples
INFO:root:the data of 219 day of year is merging, thank god
INFO:root:Now we are in the 220 day of year
INFO:root:1 Trace(s) in Stream:
TW.SM09.00.EPZ | 2023-08-08T00:00:02.870000Z - 2023-08-09T00:00:01.680000Z | 100.0 Hz, 8639882 samples
INFO:root:the data of 220 day of year is merging, thank god
INFO:root:Now we are in the 221 day of year
INFO:root:1 Trace(s) in Stream:
TW.SM09.00.EPZ | 2023-08-09T00:00:01.690000Z - 2023-08-10T00:00:03.640000Z | 100.0 Hz, 8640196 samples
INFO:root:the data of 221 day of year is merging, thank god
INFO:root:Now we are in the 222 day of year
INFO:root:1 Trace(s) in Stream:
TW.SM09.00.EPZ | 2023-08-10T00:00:03.650000Z - 2023-08-11T00:00:03.380000Z | 100.0 Hz, 8639974 samples
INFO:root:the data of 222 day of year is merging, thank god
INFO:root:Now we are in the 223 day of year
INFO:root:1 Trace(s) in Stream:
TW.SM09.00.EPZ | 2023-08-11T00:00:03.390000Z - 2023-08-12T00:00:01.340000Z | 100.0 Hz, 8639796 samples
INFO:root:the data of 223 day of year is merging, thank god
INFO:root:Now we are in the 224 day of year
INFO:root:1 Trace(s) in Stream:
TW.SM09.00.EPZ | 2023-08-12T00:00:01.350000Z - 2023-08-13T00:00:01.560000Z | 100.0 Hz, 8640022 samples
INFO:root:the data of 224 day of year is merging, thank god
INFO:root:Now we are in the 225 day of year
INFO:root:1 Trace(s) in Stream:
TW.SM09.00.EPZ | 2023-08-13T00:00:01.570000Z - 2023-08-14T00:00:01.220000Z | 100.0 Hz, 8639966 samples
INFO:root:the data of 225 day of year is merging, thank god
INFO:root:Now we are in the 226 day of year
INFO:root:1 Trace(s) in Stream:
TW.SM09.00.EPZ | 2023-08-14T00:00:01.230000Z - 2023-08-15T00:00:02.860000Z | 100.0 Hz, 8640164 samples
INFO:root:the data of 226 day of year is merging, thank god
INFO:root:Now we are in the 227 day of year
INFO:root:1 Trace(s) in Stream:
TW.SM09.00.EPZ | 2023-08-15T00:00:02.870000Z - 2023-08-16T00:00:03.380000Z | 100.0 Hz, 8640052 samples
INFO:root:the data of 227 day of year is merging, thank god
INFO:root:Now we are in the 228 day of year
INFO:root:1 Trace(s) in Stream:
TW.SM09.00.EPZ | 2023-08-16T00:00:03.390000Z - 2023-08-17T00:00:00.940000Z | 100.0 Hz, 8639756 samples
INFO:root:the data of 228 day of year is merging, thank god
INFO:root:Now we are in the 229 day of year
INFO:root:1 Trace(s) in Stream:
TW.SM09.00.EPZ | 2023-08-17T00:00:00.950000Z - 2023-08-18T00:00:04.040000Z | 100.0 Hz, 8640310 samples
INFO:root:the data of 229 day of year is merging, thank god
INFO:root:Now we are in the 230 day of year
INFO:root:1 Trace(s) in Stream:
TW.SM09.00.EPZ | 2023-08-18T00:00:04.050000Z - 2023-08-19T00:00:02.220000Z | 100.0 Hz, 8639818 samples
INFO:root:the data of 230 day of year is merging, thank god
INFO:root:Now we are in the 231 day of year
INFO:root:1 Trace(s) in Stream:
TW.SM09.00.EPZ | 2023-08-19T00:00:02.230000Z - 2023-08-20T00:00:03.400000Z | 100.0 Hz, 8640118 samples
INFO:root:the data of 231 day of year is merging, thank god
INFO:root:Now we are in the 232 day of year
INFO:root:1 Trace(s) in Stream:
TW.SM09.00.EPZ | 2023-08-20T00:00:03.410000Z - 2023-08-21T00:00:02.920000Z | 100.0 Hz, 8639952 samples
INFO:root:the data of 232 day of year is merging, thank god
INFO:root:Now we are in the 233 day of year
INFO:root:1 Trace(s) in Stream:
TW.SM09.00.EPZ | 2023-08-21T00:00:02.930000Z - 2023-08-22T00:00:03.020000Z | 100.0 Hz, 8640010 samples
INFO:root:the data of 233 day of year is merging, thank god
INFO:root:Now we are in the 234 day of year
INFO:root:1 Trace(s) in Stream:
TW.SM09.00.EPZ | 2023-08-22T00:00:03.030000Z - 2023-08-23T00:00:02.720000Z | 100.0 Hz, 8639970 samples
INFO:root:the data of 234 day of year is merging, thank god
INFO:root:Now we are in the 235 day of year
INFO:root:1 Trace(s) in Stream:
TW.SM09.00.EPZ | 2023-08-23T00:00:02.730000Z - 2023-08-24T00:00:01.060000Z | 100.0 Hz, 8639834 samples
INFO:root:the data of 235 day of year is merging, thank god
INFO:root:Now we are in the 236 day of year
INFO:root:1 Trace(s) in Stream:
TW.SM09.00.EPZ | 2023-08-24T00:00:01.070000Z - 2023-08-25T00:00:00.380000Z | 100.0 Hz, 8639932 samples
INFO:root:the data of 236 day of year is merging, thank god
INFO:root:Now we are in the 237 day of year
INFO:root:1 Trace(s) in Stream:
TW.SM09.00.EPZ | 2023-08-25T00:00:00.390000Z - 2023-08-26T00:00:00.840000Z | 100.0 Hz, 8640046 samples
INFO:root:the data of 237 day of year is merging, thank god
INFO:root:Now we are in the 238 day of year
INFO:root:1 Trace(s) in Stream:
TW.SM09.00.EPZ | 2023-08-26T00:00:00.850000Z - 2023-08-27T00:00:01.380000Z | 100.0 Hz, 8640054 samples
INFO:root:the data of 238 day of year is merging, thank god
INFO:root:Now we are in the 239 day of year
INFO:root:1 Trace(s) in Stream:
TW.SM09.00.EPZ | 2023-08-27T00:00:01.390000Z - 2023-08-28T00:00:03.860000Z | 100.0 Hz, 8640248 samples
INFO:root:the data of 239 day of year is merging, thank god
INFO:root:Now we are in the 240 day of year
INFO:root:1 Trace(s) in Stream:
TW.SM09.00.EPZ | 2023-08-28T00:00:03.870000Z - 2023-08-29T00:00:02.240000Z | 100.0 Hz, 8639838 samples
INFO:root:the data of 240 day of year is merging, thank god
INFO:root:Now we are in the 241 day of year
INFO:root:1 Trace(s) in Stream:
TW.SM09.00.EPZ | 2023-08-29T00:00:02.250000Z - 2023-08-30T00:00:02.720000Z | 100.0 Hz, 8640048 samples
INFO:root:the data of 241 day of year is merging, thank god
INFO:root:Now we are in the 242 day of year
INFO:root:1 Trace(s) in Stream:
TW.SM09.00.EPZ | 2023-08-30T00:00:02.730000Z - 2023-08-31T00:00:03.700000Z | 100.0 Hz, 8640098 samples
INFO:root:the data of 242 day of year is merging, thank god
INFO:root:Now we are in the 243 day of year
INFO:root:1 Trace(s) in Stream:
TW.SM09.00.EPZ | 2023-08-31T00:00:03.710000Z - 2023-09-01T00:00:01.580000Z | 100.0 Hz, 8639788 samples
INFO:root:the data of 243 day of year is merging, thank god
INFO:root:merging complete
INFO:root:the SM09 stream is update in dictionary!
INFO:root:Now we are in station:SM01
INFO:root:Now we are in the 213 day of year
INFO:root:1 Trace(s) in Stream:
TW.SM01.00.EPZ | 2023-08-01T00:00:01.130000Z - 2023-08-02T00:00:00.560000Z | 100.0 Hz, 8639944 samples
INFO:root:the data of 213 day of year is merging, thank god
INFO:root:Now we are in the 214 day of year
INFO:root:1 Trace(s) in Stream:
TW.SM01.00.EPZ | 2023-08-02T00:00:00.570000Z - 2023-08-03T00:00:00.080000Z | 100.0 Hz, 8639952 samples
INFO:root:the data of 214 day of year is merging, thank god
INFO:root:Now we are in the 215 day of year
INFO:root:1 Trace(s) in Stream:
TW.SM01.00.EPZ | 2023-08-03T00:00:00.090000Z - 2023-08-04T00:00:02.100000Z | 100.0 Hz, 8640202 samples
INFO:root:the data of 215 day of year is merging, thank god
INFO:root:Now we are in the 216 day of year
INFO:root:1 Trace(s) in Stream:
TW.SM01.00.EPZ | 2023-08-04T00:00:02.110000Z - 2023-08-05T00:00:01.520000Z | 100.0 Hz, 8639942 samples
INFO:root:the data of 216 day of year is merging, thank god
INFO:root:Now we are in the 217 day of year
INFO:root:1 Trace(s) in Stream:
TW.SM01.00.EPZ | 2023-08-05T00:00:01.530000Z - 2023-08-06T00:00:02.300000Z | 100.0 Hz, 8640078 samples
INFO:root:the data of 217 day of year is merging, thank god
INFO:root:Now we are in the 218 day of year
INFO:root:1 Trace(s) in Stream:
TW.SM01.00.EPZ | 2023-08-06T00:00:02.310000Z - 2023-08-07T00:00:01.390000Z | 100.0 Hz, 8639909 samples
INFO:root:the data of 218 day of year is merging, thank god
INFO:root:Now we are in the 219 day of year
INFO:root:1 Trace(s) in Stream:
TW.SM01.00.EPZ | 2023-08-07T00:00:01.400000Z - 2023-08-08T00:00:00.790000Z | 100.0 Hz, 8639940 samples
INFO:root:the data of 219 day of year is merging, thank god
INFO:root:Now we are in the 220 day of year
INFO:root:1 Trace(s) in Stream:
TW.SM01.00.EPZ | 2023-08-08T00:00:00.800000Z - 2023-08-09T00:00:01.850000Z | 100.0 Hz, 8640106 samples
INFO:root:the data of 220 day of year is merging, thank god
INFO:root:Now we are in the 221 day of year
INFO:root:1 Trace(s) in Stream:
TW.SM01.00.EPZ | 2023-08-09T00:00:01.860000Z - 2023-08-10T00:00:00.710000Z | 100.0 Hz, 8639886 samples
INFO:root:the data of 221 day of year is merging, thank god
INFO:root:Now we are in the 222 day of year
INFO:root:1 Trace(s) in Stream:
TW.SM01.00.EPZ | 2023-08-10T00:00:00.720000Z - 2023-08-11T00:00:00.530000Z | 100.0 Hz, 8639982 samples
INFO:root:the data of 222 day of year is merging, thank god
INFO:root:Now we are in the 223 day of year
INFO:root:1 Trace(s) in Stream:
TW.SM01.00.EPZ | 2023-08-11T00:00:00.540000Z - 2023-08-12T00:00:01.330000Z | 100.0 Hz, 8640080 samples
INFO:root:the data of 223 day of year is merging, thank god
INFO:root:Now we are in the 224 day of year
INFO:root:1 Trace(s) in Stream:
TW.SM01.00.EPZ | 2023-08-12T00:00:01.340000Z - 2023-08-13T00:00:01.950000Z | 100.0 Hz, 8640062 samples
INFO:root:the data of 224 day of year is merging, thank god
INFO:root:Now we are in the 225 day of year
INFO:root:1 Trace(s) in Stream:
TW.SM01.00.EPZ | 2023-08-13T00:00:01.960000Z - 2023-08-14T00:00:00.430000Z | 100.0 Hz, 8639848 samples
INFO:root:the data of 225 day of year is merging, thank god
INFO:root:Now we are in the 226 day of year
INFO:root:1 Trace(s) in Stream:
TW.SM01.00.EPZ | 2023-08-14T00:00:00.440000Z - 2023-08-15T00:00:00.490000Z | 100.0 Hz, 8640006 samples
INFO:root:the data of 226 day of year is merging, thank god
INFO:root:Now we are in the 227 day of year
INFO:root:1 Trace(s) in Stream:
TW.SM01.00.EPZ | 2023-08-15T00:00:00.500000Z - 2023-08-16T00:00:01.150000Z | 100.0 Hz, 8640066 samples
INFO:root:the data of 227 day of year is merging, thank god
INFO:root:Now we are in the 228 day of year
INFO:root:1 Trace(s) in Stream:
TW.SM01.00.EPZ | 2023-08-16T00:00:01.160000Z - 2023-08-17T00:00:01.710000Z | 100.0 Hz, 8640056 samples
INFO:root:the data of 228 day of year is merging, thank god
INFO:root:Now we are in the 229 day of year
INFO:root:1 Trace(s) in Stream:
TW.SM01.00.EPZ | 2023-08-17T00:00:01.720000Z - 2023-08-18T00:00:01.410000Z | 100.0 Hz, 8639970 samples
INFO:root:the data of 229 day of year is merging, thank god
INFO:root:Now we are in the 230 day of year
INFO:root:1 Trace(s) in Stream:
TW.SM01.00.EPZ | 2023-08-18T00:00:01.420000Z - 2023-08-19T00:00:00.770000Z | 100.0 Hz, 8639936 samples
INFO:root:the data of 230 day of year is merging, thank god
INFO:root:Now we are in the 231 day of year
INFO:root:1 Trace(s) in Stream:
TW.SM01.00.EPZ | 2023-08-19T00:00:00.780000Z - 2023-08-20T00:00:01.930000Z | 100.0 Hz, 8640116 samples
INFO:root:the data of 231 day of year is merging, thank god
INFO:root:Now we are in the 232 day of year
INFO:root:1 Trace(s) in Stream:
TW.SM01.00.EPZ | 2023-08-20T00:00:01.940000Z - 2023-08-21T00:00:00.510000Z | 100.0 Hz, 8639858 samples
INFO:root:the data of 232 day of year is merging, thank god
INFO:root:Now we are in the 233 day of year
INFO:root:1 Trace(s) in Stream:
TW.SM01.00.EPZ | 2023-08-21T00:00:00.520000Z - 2023-08-22T00:00:00.710000Z | 100.0 Hz, 8640020 samples
INFO:root:the data of 233 day of year is merging, thank god
INFO:root:Now we are in the 234 day of year
INFO:root:1 Trace(s) in Stream:
TW.SM01.00.EPZ | 2023-08-22T00:00:00.720000Z - 2023-08-23T00:00:01.890000Z | 100.0 Hz, 8640118 samples
INFO:root:the data of 234 day of year is merging, thank god
INFO:root:Now we are in the 235 day of year
INFO:root:1 Trace(s) in Stream:
TW.SM01.00.EPZ | 2023-08-23T00:00:01.900000Z - 2023-08-24T00:00:02.550000Z | 100.0 Hz, 8640066 samples
INFO:root:the data of 235 day of year is merging, thank god
INFO:root:Now we are in the 236 day of year
INFO:root:1 Trace(s) in Stream:
TW.SM01.00.EPZ | 2023-08-24T00:00:02.560000Z - 2023-08-25T00:00:00.410000Z | 100.0 Hz, 8639786 samples
INFO:root:the data of 236 day of year is merging, thank god
INFO:root:Now we are in the 237 day of year
INFO:root:1 Trace(s) in Stream:
TW.SM01.00.EPZ | 2023-08-25T00:00:00.420000Z - 2023-08-26T00:00:01.730000Z | 100.0 Hz, 8640132 samples
INFO:root:the data of 237 day of year is merging, thank god
INFO:root:Now we are in the 238 day of year
INFO:root:1 Trace(s) in Stream:
TW.SM01.00.EPZ | 2023-08-26T00:00:01.740000Z - 2023-08-27T00:00:00.650000Z | 100.0 Hz, 8639892 samples
INFO:root:the data of 238 day of year is merging, thank god
INFO:root:Now we are in the 239 day of year
INFO:root:1 Trace(s) in Stream:
TW.SM01.00.EPZ | 2023-08-27T00:00:00.660000Z - 2023-08-28T00:00:01.270000Z | 100.0 Hz, 8640062 samples
INFO:root:the data of 239 day of year is merging, thank god
INFO:root:Now we are in the 240 day of year
INFO:root:1 Trace(s) in Stream:
TW.SM01.00.EPZ | 2023-08-28T00:00:01.280000Z - 2023-08-29T00:00:00.730000Z | 100.0 Hz, 8639946 samples
INFO:root:the data of 240 day of year is merging, thank god
INFO:root:Now we are in the 241 day of year
INFO:root:1 Trace(s) in Stream:
TW.SM01.00.EPZ | 2023-08-29T00:00:00.740000Z - 2023-08-30T00:00:00.550000Z | 100.0 Hz, 8639982 samples
INFO:root:the data of 241 day of year is merging, thank god
INFO:root:Now we are in the 242 day of year
INFO:root:1 Trace(s) in Stream:
TW.SM01.00.EPZ | 2023-08-30T00:00:00.560000Z - 2023-08-31T00:00:01.290000Z | 100.0 Hz, 8640074 samples
INFO:root:the data of 242 day of year is merging, thank god
INFO:root:Now we are in the 243 day of year
INFO:root:1 Trace(s) in Stream:
TW.SM01.00.EPZ | 2023-08-31T00:00:01.300000Z - 2023-09-01T00:00:00.180000Z | 100.0 Hz, 8639889 samples
INFO:root:the data of 243 day of year is merging, thank god
INFO:root:merging complete
INFO:root:the SM01 stream is update in dictionary!
INFO:root:Now we are in station:SM02
INFO:root:Now we are in the 213 day of year
INFO:root:1 Trace(s) in Stream:
TW.SM02.00.EPZ | 2023-08-01T00:00:02.770000Z - 2023-08-02T00:00:02.020000Z | 100.0 Hz, 8639926 samples
INFO:root:the data of 213 day of year is merging, thank god
INFO:root:Now we are in the 214 day of year
INFO:root:1 Trace(s) in Stream:
TW.SM02.00.EPZ | 2023-08-02T00:00:02.030000Z - 2023-08-03T00:00:03.800000Z | 100.0 Hz, 8640178 samples
INFO:root:the data of 214 day of year is merging, thank god
INFO:root:Now we are in the 215 day of year
INFO:root:1 Trace(s) in Stream:
TW.SM02.00.EPZ | 2023-08-03T00:00:03.810000Z - 2023-08-04T00:00:00.240000Z | 100.0 Hz, 8639644 samples
INFO:root:the data of 215 day of year is merging, thank god
INFO:root:Now we are in the 216 day of year
INFO:root:1 Trace(s) in Stream:
TW.SM02.00.EPZ | 2023-08-04T00:00:00.250000Z - 2023-08-05T00:00:02.100000Z | 100.0 Hz, 8640186 samples
INFO:root:the data of 216 day of year is merging, thank god
INFO:root:Now we are in the 217 day of year
INFO:root:1 Trace(s) in Stream:
TW.SM02.00.EPZ | 2023-08-05T00:00:02.110000Z - 2023-08-06T00:00:02.400000Z | 100.0 Hz, 8640030 samples
INFO:root:the data of 217 day of year is merging, thank god
INFO:root:Now we are in the 218 day of year
INFO:root:1 Trace(s) in Stream:
TW.SM02.00.EPZ | 2023-08-06T00:00:02.410000Z - 2023-08-07T00:00:01.240000Z | 100.0 Hz, 8639884 samples
INFO:root:the data of 218 day of year is merging, thank god
INFO:root:Now we are in the 219 day of year
INFO:root:1 Trace(s) in Stream:
TW.SM02.00.EPZ | 2023-08-07T00:00:01.250000Z - 2023-08-08T00:00:01.000000Z | 100.0 Hz, 8639976 samples
INFO:root:the data of 219 day of year is merging, thank god
INFO:root:Now we are in the 220 day of year
INFO:root:1 Trace(s) in Stream:
TW.SM02.00.EPZ | 2023-08-08T00:00:01.010000Z - 2023-08-09T00:00:01.980000Z | 100.0 Hz, 8640098 samples
INFO:root:the data of 220 day of year is merging, thank god
INFO:root:Now we are in the 221 day of year
INFO:root:1 Trace(s) in Stream:
TW.SM02.00.EPZ | 2023-08-09T00:00:01.990000Z - 2023-08-10T00:00:00.060000Z | 100.0 Hz, 8639808 samples
INFO:root:the data of 221 day of year is merging, thank god
INFO:root:Now we are in the 222 day of year
INFO:root:1 Trace(s) in Stream:
TW.SM02.00.EPZ | 2023-08-10T00:00:00.070000Z - 2023-08-11T00:00:03.840000Z | 100.0 Hz, 8640378 samples
INFO:root:the data of 222 day of year is merging, thank god
INFO:root:Now we are in the 223 day of year
INFO:root:1 Trace(s) in Stream:
TW.SM02.00.EPZ | 2023-08-11T00:00:03.850000Z - 2023-08-12T00:00:04.080000Z | 100.0 Hz, 8640024 samples
INFO:root:the data of 223 day of year is merging, thank god
INFO:root:Now we are in the 224 day of year
INFO:root:1 Trace(s) in Stream:
TW.SM02.00.EPZ | 2023-08-12T00:00:04.090000Z - 2023-08-13T00:00:00.820000Z | 100.0 Hz, 8639674 samples
INFO:root:the data of 224 day of year is merging, thank god
INFO:root:Now we are in the 225 day of year
INFO:root:1 Trace(s) in Stream:
TW.SM02.00.EPZ | 2023-08-13T00:00:00.830000Z - 2023-08-14T00:00:02.300000Z | 100.0 Hz, 8640148 samples
INFO:root:the data of 225 day of year is merging, thank god
INFO:root:Now we are in the 226 day of year
INFO:root:1 Trace(s) in Stream:
TW.SM02.00.EPZ | 2023-08-14T00:00:02.310000Z - 2023-08-15T00:00:01.860000Z | 100.0 Hz, 8639956 samples
INFO:root:the data of 226 day of year is merging, thank god
INFO:root:Now we are in the 227 day of year
INFO:root:1 Trace(s) in Stream:
TW.SM02.00.EPZ | 2023-08-15T00:00:01.870000Z - 2023-08-16T00:00:00.600000Z | 100.0 Hz, 8639874 samples
INFO:root:the data of 227 day of year is merging, thank god
INFO:root:Now we are in the 228 day of year
INFO:root:1 Trace(s) in Stream:
TW.SM02.00.EPZ | 2023-08-16T00:00:00.610000Z - 2023-08-17T00:00:02.000000Z | 100.0 Hz, 8640140 samples
INFO:root:the data of 228 day of year is merging, thank god
INFO:root:Now we are in the 229 day of year
INFO:root:1 Trace(s) in Stream:
TW.SM02.00.EPZ | 2023-08-17T00:00:02.010000Z - 2023-08-18T00:00:00.240000Z | 100.0 Hz, 8639824 samples
INFO:root:the data of 229 day of year is merging, thank god
INFO:root:Now we are in the 230 day of year
INFO:root:1 Trace(s) in Stream:
TW.SM02.00.EPZ | 2023-08-18T00:00:00.250000Z - 2023-08-19T00:00:01.840000Z | 100.0 Hz, 8640160 samples
INFO:root:the data of 230 day of year is merging, thank god
INFO:root:Now we are in the 231 day of year
INFO:root:1 Trace(s) in Stream:
TW.SM02.00.EPZ | 2023-08-19T00:00:01.850000Z - 2023-08-20T00:00:01.600000Z | 100.0 Hz, 8639976 samples
INFO:root:the data of 231 day of year is merging, thank god
INFO:root:Now we are in the 232 day of year
INFO:root:1 Trace(s) in Stream:
TW.SM02.00.EPZ | 2023-08-20T00:00:01.610000Z - 2023-08-21T00:00:01.080000Z | 100.0 Hz, 8639948 samples
INFO:root:the data of 232 day of year is merging, thank god
INFO:root:Now we are in the 233 day of year
INFO:root:1 Trace(s) in Stream:
TW.SM02.00.EPZ | 2023-08-21T00:00:01.090000Z - 2023-08-22T00:00:03.220000Z | 100.0 Hz, 8640214 samples
INFO:root:the data of 233 day of year is merging, thank god
INFO:root:Now we are in the 234 day of year
INFO:root:1 Trace(s) in Stream:
TW.SM02.00.EPZ | 2023-08-22T00:00:03.230000Z - 2023-08-23T00:00:00.080000Z | 100.0 Hz, 8639686 samples
INFO:root:the data of 234 day of year is merging, thank god
INFO:root:Now we are in the 235 day of year
INFO:root:1 Trace(s) in Stream:
TW.SM02.00.EPZ | 2023-08-23T00:00:00.090000Z - 2023-08-24T00:00:03.140000Z | 100.0 Hz, 8640306 samples
INFO:root:the data of 235 day of year is merging, thank god
INFO:root:Now we are in the 236 day of year
INFO:root:1 Trace(s) in Stream:
TW.SM02.00.EPZ | 2023-08-24T00:00:03.150000Z - 2023-08-25T00:00:01.060000Z | 100.0 Hz, 8639792 samples
INFO:root:the data of 236 day of year is merging, thank god
INFO:root:Now we are in the 237 day of year
INFO:root:1 Trace(s) in Stream:
TW.SM02.00.EPZ | 2023-08-25T00:00:01.070000Z - 2023-08-26T00:00:03.740000Z | 100.0 Hz, 8640268 samples
INFO:root:the data of 237 day of year is merging, thank god
INFO:root:Now we are in the 238 day of year
INFO:root:1 Trace(s) in Stream:
TW.SM02.00.EPZ | 2023-08-26T00:00:03.750000Z - 2023-08-27T00:00:02.420000Z | 100.0 Hz, 8639868 samples
INFO:root:the data of 238 day of year is merging, thank god
INFO:root:Now we are in the 239 day of year
INFO:root:1 Trace(s) in Stream:
TW.SM02.00.EPZ | 2023-08-27T00:00:02.430000Z - 2023-08-28T00:00:00.380000Z | 100.0 Hz, 8639796 samples
INFO:root:the data of 239 day of year is merging, thank god
INFO:root:Now we are in the 240 day of year
INFO:root:1 Trace(s) in Stream:
TW.SM02.00.EPZ | 2023-08-28T00:00:00.390000Z - 2023-08-29T00:00:00.580000Z | 100.0 Hz, 8640020 samples
INFO:root:the data of 240 day of year is merging, thank god
INFO:root:Now we are in the 241 day of year
INFO:root:1 Trace(s) in Stream:
TW.SM02.00.EPZ | 2023-08-29T00:00:00.590000Z - 2023-08-30T00:00:03.360000Z | 100.0 Hz, 8640278 samples
INFO:root:the data of 241 day of year is merging, thank god
INFO:root:Now we are in the 242 day of year
INFO:root:1 Trace(s) in Stream:
TW.SM02.00.EPZ | 2023-08-30T00:00:03.370000Z - 2023-08-31T00:00:02.140000Z | 100.0 Hz, 8639878 samples
INFO:root:the data of 242 day of year is merging, thank god
INFO:root:Now we are in the 243 day of year
INFO:root:1 Trace(s) in Stream:
TW.SM02.00.EPZ | 2023-08-31T00:00:02.150000Z - 2023-09-01T00:00:00.140000Z | 100.0 Hz, 8639800 samples
INFO:root:the data of 243 day of year is merging, thank god
INFO:root:merging complete
INFO:root:the SM02 stream is update in dictionary!
INFO:root:Now we are in station:SM19
INFO:root:Now we are in the 213 day of year
INFO:root:1 Trace(s) in Stream:
TW.SM19.00.EPZ | 2023-08-01T00:00:02.530000Z - 2023-08-02T00:00:02.860000Z | 100.0 Hz, 8640034 samples
INFO:root:the data of 213 day of year is merging, thank god
INFO:root:Now we are in the 214 day of year
INFO:root:1 Trace(s) in Stream:
TW.SM19.00.EPZ | 2023-08-02T00:00:02.869994Z - 2023-08-03T00:00:02.499994Z | 100.0 Hz, 8639964 samples
INFO:root:the data of 214 day of year is merging, thank god
INFO:root:Now we are in the 215 day of year
INFO:root:1 Trace(s) in Stream:
TW.SM19.00.EPZ | 2023-08-03T00:00:02.510000Z - 2023-08-04T00:00:00.980000Z | 100.0 Hz, 8639848 samples
INFO:root:the data of 215 day of year is merging, thank god
INFO:root:Now we are in the 216 day of year
INFO:root:1 Trace(s) in Stream:
TW.SM19.00.EPZ | 2023-08-04T00:00:00.990000Z - 2023-08-05T00:00:03.020000Z | 100.0 Hz, 8640204 samples
INFO:root:the data of 216 day of year is merging, thank god
INFO:root:Now we are in the 217 day of year
INFO:root:1 Trace(s) in Stream:
TW.SM19.00.EPZ | 2023-08-05T00:00:03.030000Z - 2023-08-06T00:00:02.180000Z | 100.0 Hz, 8639916 samples
INFO:root:the data of 217 day of year is merging, thank god
INFO:root:Now we are in the 218 day of year
INFO:root:1 Trace(s) in Stream:
TW.SM19.00.EPZ | 2023-08-06T00:00:02.190000Z - 2023-08-07T00:00:01.580000Z | 100.0 Hz, 8639940 samples
INFO:root:the data of 218 day of year is merging, thank god
INFO:root:Now we are in the 219 day of year
INFO:root:1 Trace(s) in Stream:
TW.SM19.00.EPZ | 2023-08-07T00:00:01.590000Z - 2023-08-08T00:00:02.620000Z | 100.0 Hz, 8640104 samples
INFO:root:the data of 219 day of year is merging, thank god
INFO:root:Now we are in the 220 day of year
INFO:root:1 Trace(s) in Stream:
TW.SM19.00.EPZ | 2023-08-08T00:00:02.630000Z - 2023-08-09T00:00:01.280000Z | 100.0 Hz, 8639866 samples
INFO:root:the data of 220 day of year is merging, thank god
INFO:root:Now we are in the 221 day of year
INFO:root:1 Trace(s) in Stream:
TW.SM19.00.EPZ | 2023-08-09T00:00:01.290000Z - 2023-08-10T00:00:03.520000Z | 100.0 Hz, 8640224 samples
INFO:root:the data of 221 day of year is merging, thank god
INFO:root:Now we are in the 222 day of year
INFO:root:1 Trace(s) in Stream:
TW.SM19.00.EPZ | 2023-08-10T00:00:03.530000Z - 2023-08-11T00:00:01.140000Z | 100.0 Hz, 8639762 samples
INFO:root:the data of 222 day of year is merging, thank god
INFO:root:Now we are in the 223 day of year
INFO:root:1 Trace(s) in Stream:
TW.SM19.00.EPZ | 2023-08-11T00:00:01.150000Z - 2023-08-12T00:00:03.660000Z | 100.0 Hz, 8640252 samples
INFO:root:the data of 223 day of year is merging, thank god
INFO:root:Now we are in the 224 day of year
INFO:root:1 Trace(s) in Stream:
TW.SM19.00.EPZ | 2023-08-12T00:00:03.670000Z - 2023-08-13T00:00:00.880000Z | 100.0 Hz, 8639722 samples
INFO:root:the data of 224 day of year is merging, thank god
INFO:root:Now we are in the 225 day of year
INFO:root:1 Trace(s) in Stream:
TW.SM19.00.EPZ | 2023-08-13T00:00:00.890000Z - 2023-08-14T00:00:00.020000Z | 100.0 Hz, 8639914 samples
INFO:root:the data of 225 day of year is merging, thank god
INFO:root:Now we are in the 226 day of year
INFO:root:1 Trace(s) in Stream:
TW.SM19.00.EPZ | 2023-08-14T00:00:00.030000Z - 2023-08-15T00:00:00.380000Z | 100.0 Hz, 8640036 samples
INFO:root:the data of 226 day of year is merging, thank god
INFO:root:Now we are in the 227 day of year
INFO:root:1 Trace(s) in Stream:
TW.SM19.00.EPZ | 2023-08-15T00:00:00.389999Z - 2023-08-16T00:00:01.399999Z | 100.0 Hz, 8640102 samples
INFO:root:the data of 227 day of year is merging, thank god
INFO:root:Now we are in the 228 day of year
INFO:root:1 Trace(s) in Stream:
TW.SM19.00.EPZ | 2023-08-16T00:00:01.410000Z - 2023-08-17T00:00:02.380000Z | 100.0 Hz, 8640098 samples
INFO:root:the data of 228 day of year is merging, thank god
INFO:root:Now we are in the 229 day of year
INFO:root:1 Trace(s) in Stream:
TW.SM19.00.EPZ | 2023-08-17T00:00:02.389999Z - 2023-08-18T00:00:02.479999Z | 100.0 Hz, 8640010 samples
INFO:root:the data of 229 day of year is merging, thank god
INFO:root:Now we are in the 230 day of year
INFO:root:1 Trace(s) in Stream:
TW.SM19.00.EPZ | 2023-08-18T00:00:02.490000Z - 2023-08-19T00:00:00.340000Z | 100.0 Hz, 8639786 samples
INFO:root:the data of 230 day of year is merging, thank god
INFO:root:Now we are in the 231 day of year
INFO:root:1 Trace(s) in Stream:
TW.SM19.00.EPZ | 2023-08-19T00:00:00.350000Z - 2023-08-20T00:00:01.700000Z | 100.0 Hz, 8640136 samples
INFO:root:the data of 231 day of year is merging, thank god
INFO:root:Now we are in the 232 day of year
INFO:root:1 Trace(s) in Stream:
TW.SM19.00.EPZ | 2023-08-20T00:00:01.710000Z - 2023-08-21T00:00:02.100000Z | 100.0 Hz, 8640040 samples
INFO:root:the data of 232 day of year is merging, thank god
INFO:root:Now we are in the 233 day of year
INFO:root:1 Trace(s) in Stream:
TW.SM19.00.EPZ | 2023-08-21T00:00:02.110000Z - 2023-08-22T00:00:00.800000Z | 100.0 Hz, 8639870 samples
INFO:root:the data of 233 day of year is merging, thank god
INFO:root:Now we are in the 234 day of year
INFO:root:1 Trace(s) in Stream:
TW.SM19.00.EPZ | 2023-08-22T00:00:00.810000Z - 2023-08-23T00:00:00.480000Z | 100.0 Hz, 8639968 samples
INFO:root:the data of 234 day of year is merging, thank god
INFO:root:Now we are in the 235 day of year
INFO:root:1 Trace(s) in Stream:
TW.SM19.00.EPZ | 2023-08-23T00:00:00.490000Z - 2023-08-24T00:00:01.920000Z | 100.0 Hz, 8640144 samples
INFO:root:the data of 235 day of year is merging, thank god
INFO:root:Now we are in the 236 day of year
INFO:root:1 Trace(s) in Stream:
TW.SM19.00.EPZ | 2023-08-24T00:00:01.930000Z - 2023-08-25T00:00:01.100000Z | 100.0 Hz, 8639918 samples
INFO:root:the data of 236 day of year is merging, thank god
INFO:root:Now we are in the 237 day of year
INFO:root:1 Trace(s) in Stream:
TW.SM19.00.EPZ | 2023-08-25T00:00:01.110000Z - 2023-08-26T00:00:01.060000Z | 100.0 Hz, 8639996 samples
INFO:root:the data of 237 day of year is merging, thank god
INFO:root:Now we are in the 238 day of year
INFO:root:1 Trace(s) in Stream:
TW.SM19.00.EPZ | 2023-08-26T00:00:01.070000Z - 2023-08-27T00:00:00.720000Z | 100.0 Hz, 8639966 samples
INFO:root:the data of 238 day of year is merging, thank god
INFO:root:Now we are in the 239 day of year
INFO:root:1 Trace(s) in Stream:
TW.SM19.00.EPZ | 2023-08-27T00:00:00.730000Z - 2023-08-28T00:00:00.100000Z | 100.0 Hz, 8639938 samples
INFO:root:the data of 239 day of year is merging, thank god
INFO:root:Now we are in the 240 day of year
INFO:root:1 Trace(s) in Stream:
TW.SM19.00.EPZ | 2023-08-28T00:00:00.110000Z - 2023-08-29T00:00:02.560000Z | 100.0 Hz, 8640246 samples
INFO:root:the data of 240 day of year is merging, thank god
INFO:root:Now we are in the 241 day of year
INFO:root:1 Trace(s) in Stream:
TW.SM19.00.EPZ | 2023-08-29T00:00:02.570000Z - 2023-08-30T00:00:02.520000Z | 100.0 Hz, 8639996 samples
INFO:root:the data of 241 day of year is merging, thank god
INFO:root:Now we are in the 242 day of year
INFO:root:1 Trace(s) in Stream:
TW.SM19.00.EPZ | 2023-08-30T00:00:02.530000Z - 2023-08-31T00:00:00.940000Z | 100.0 Hz, 8639842 samples
INFO:root:the data of 242 day of year is merging, thank god
INFO:root:Now we are in the 243 day of year
INFO:root:1 Trace(s) in Stream:
TW.SM19.00.EPZ | 2023-08-31T00:00:00.950000Z - 2023-09-01T00:00:00.440000Z | 100.0 Hz, 8639950 samples
INFO:root:the data of 243 day of year is merging, thank god
INFO:root:merging complete
INFO:root:the SM19 stream is update in dictionary!
INFO:root:Now we are in station:SM39
INFO:root:Now we are in the 213 day of year
INFO:root:1 Trace(s) in Stream:
TW.SM39.00.EPZ | 2023-08-01T00:00:01.050000Z - 2023-08-02T00:00:00.840000Z | 100.0 Hz, 8639980 samples
INFO:root:the data of 213 day of year is merging, thank god
INFO:root:Now we are in the 214 day of year
INFO:root:1 Trace(s) in Stream:
TW.SM39.00.EPZ | 2023-08-02T00:00:00.850000Z - 2023-08-03T00:00:00.780000Z | 100.0 Hz, 8639994 samples
INFO:root:the data of 214 day of year is merging, thank god
INFO:root:Now we are in the 215 day of year
INFO:root:1 Trace(s) in Stream:
TW.SM39.00.EPZ | 2023-08-03T00:00:00.790000Z - 2023-08-04T00:00:00.960000Z | 100.0 Hz, 8640018 samples
INFO:root:the data of 215 day of year is merging, thank god
INFO:root:Now we are in the 216 day of year
INFO:root:1 Trace(s) in Stream:
TW.SM39.00.EPZ | 2023-08-04T00:00:00.970000Z - 2023-08-05T00:00:00.420000Z | 100.0 Hz, 8639946 samples
INFO:root:the data of 216 day of year is merging, thank god
INFO:root:Now we are in the 217 day of year
INFO:root:1 Trace(s) in Stream:
TW.SM39.00.EPZ | 2023-08-05T00:00:00.430000Z - 2023-08-06T00:00:03.500000Z | 100.0 Hz, 8640308 samples
INFO:root:the data of 217 day of year is merging, thank god
INFO:root:Now we are in the 218 day of year
INFO:root:1 Trace(s) in Stream:
TW.SM39.00.EPZ | 2023-08-06T00:00:03.509999Z - 2023-08-07T00:00:01.139999Z | 100.0 Hz, 8639764 samples
INFO:root:the data of 218 day of year is merging, thank god
INFO:root:Now we are in the 219 day of year
INFO:root:1 Trace(s) in Stream:
TW.SM39.00.EPZ | 2023-08-07T00:00:01.150000Z - 2023-08-08T00:00:02.420000Z | 100.0 Hz, 8640128 samples
INFO:root:the data of 219 day of year is merging, thank god
INFO:root:Now we are in the 220 day of year
INFO:root:1 Trace(s) in Stream:
TW.SM39.00.EPZ | 2023-08-08T00:00:02.430000Z - 2023-08-09T00:00:01.600000Z | 100.0 Hz, 8639918 samples
INFO:root:the data of 220 day of year is merging, thank god
INFO:root:Now we are in the 221 day of year
INFO:root:1 Trace(s) in Stream:
TW.SM39.00.EPZ | 2023-08-09T00:00:01.610000Z - 2023-08-10T00:00:00.540000Z | 100.0 Hz, 8639894 samples
INFO:root:the data of 221 day of year is merging, thank god
INFO:root:Now we are in the 222 day of year
INFO:root:1 Trace(s) in Stream:
TW.SM39.00.EPZ | 2023-08-10T00:00:00.550000Z - 2023-08-11T00:00:03.640000Z | 100.0 Hz, 8640310 samples
INFO:root:the data of 222 day of year is merging, thank god
INFO:root:Now we are in the 223 day of year
INFO:root:1 Trace(s) in Stream:
TW.SM39.00.EPZ | 2023-08-11T00:00:03.650000Z - 2023-08-12T00:00:00.560000Z | 100.0 Hz, 8639692 samples
INFO:root:the data of 223 day of year is merging, thank god
INFO:root:Now we are in the 224 day of year
INFO:root:1 Trace(s) in Stream:
TW.SM39.00.EPZ | 2023-08-12T00:00:00.570000Z - 2023-08-13T00:00:03.660000Z | 100.0 Hz, 8640310 samples
INFO:root:the data of 224 day of year is merging, thank god
INFO:root:Now we are in the 225 day of year
INFO:root:1 Trace(s) in Stream:
TW.SM39.00.EPZ | 2023-08-13T00:00:03.670000Z - 2023-08-14T00:00:02.560000Z | 100.0 Hz, 8639890 samples
INFO:root:the data of 225 day of year is merging, thank god
INFO:root:Now we are in the 226 day of year
INFO:root:1 Trace(s) in Stream:
TW.SM39.00.EPZ | 2023-08-14T00:00:02.570000Z - 2023-08-15T00:00:03.920000Z | 100.0 Hz, 8640136 samples
INFO:root:the data of 226 day of year is merging, thank god
INFO:root:Now we are in the 227 day of year
INFO:root:1 Trace(s) in Stream:
TW.SM39.00.EPZ | 2023-08-15T00:00:03.930000Z - 2023-08-16T00:00:00.400000Z | 100.0 Hz, 8639648 samples
INFO:root:the data of 227 day of year is merging, thank god
INFO:root:Now we are in the 228 day of year
INFO:root:1 Trace(s) in Stream:
TW.SM39.00.EPZ | 2023-08-16T00:00:00.410000Z - 2023-08-17T00:00:01.680000Z | 100.0 Hz, 8640128 samples
INFO:root:the data of 228 day of year is merging, thank god
INFO:root:Now we are in the 229 day of year
INFO:root:1 Trace(s) in Stream:
TW.SM39.00.EPZ | 2023-08-17T00:00:01.690000Z - 2023-08-18T00:00:00.580000Z | 100.0 Hz, 8639890 samples
INFO:root:the data of 229 day of year is merging, thank god
INFO:root:Now we are in the 230 day of year
INFO:root:1 Trace(s) in Stream:
TW.SM39.00.EPZ | 2023-08-18T00:00:00.590000Z - 2023-08-19T00:00:02.320000Z | 100.0 Hz, 8640174 samples
INFO:root:the data of 230 day of year is merging, thank god
INFO:root:Now we are in the 231 day of year
INFO:root:1 Trace(s) in Stream:
TW.SM39.00.EPZ | 2023-08-19T00:00:02.330000Z - 2023-08-20T00:00:02.940000Z | 100.0 Hz, 8640062 samples
INFO:root:the data of 231 day of year is merging, thank god
INFO:root:Now we are in the 232 day of year
INFO:root:1 Trace(s) in Stream:
TW.SM39.00.EPZ | 2023-08-20T00:00:02.950000Z - 2023-08-21T00:00:02.600000Z | 100.0 Hz, 8639966 samples
INFO:root:the data of 232 day of year is merging, thank god
INFO:root:Now we are in the 233 day of year
INFO:root:1 Trace(s) in Stream:
TW.SM39.00.EPZ | 2023-08-21T00:00:02.610000Z - 2023-08-22T00:00:01.700000Z | 100.0 Hz, 8639910 samples
INFO:root:the data of 233 day of year is merging, thank god
INFO:root:Now we are in the 234 day of year
INFO:root:1 Trace(s) in Stream:
TW.SM39.00.EPZ | 2023-08-22T00:00:01.710000Z - 2023-08-23T00:00:03.900000Z | 100.0 Hz, 8640220 samples
INFO:root:the data of 234 day of year is merging, thank god
INFO:root:Now we are in the 235 day of year
INFO:root:1 Trace(s) in Stream:
TW.SM39.00.EPZ | 2023-08-23T00:00:03.910000Z - 2023-08-24T00:00:02.020000Z | 100.0 Hz, 8639812 samples
INFO:root:the data of 235 day of year is merging, thank god
INFO:root:Now we are in the 236 day of year
INFO:root:1 Trace(s) in Stream:
TW.SM39.00.EPZ | 2023-08-24T00:00:02.030000Z - 2023-08-25T00:00:02.060000Z | 100.0 Hz, 8640004 samples
INFO:root:the data of 236 day of year is merging, thank god
INFO:root:Now we are in the 237 day of year
INFO:root:1 Trace(s) in Stream:
TW.SM39.00.EPZ | 2023-08-25T00:00:02.070000Z - 2023-08-26T00:00:00.600000Z | 100.0 Hz, 8639854 samples
INFO:root:the data of 237 day of year is merging, thank god
INFO:root:Now we are in the 238 day of year
INFO:root:1 Trace(s) in Stream:
TW.SM39.00.EPZ | 2023-08-26T00:00:00.610000Z - 2023-08-27T00:00:01.560000Z | 100.0 Hz, 8640096 samples
INFO:root:the data of 238 day of year is merging, thank god
INFO:root:Now we are in the 239 day of year
INFO:root:1 Trace(s) in Stream:
TW.SM39.00.EPZ | 2023-08-27T00:00:01.570000Z - 2023-08-28T00:00:03.500000Z | 100.0 Hz, 8640194 samples
INFO:root:the data of 239 day of year is merging, thank god
INFO:root:Now we are in the 240 day of year
INFO:root:1 Trace(s) in Stream:
TW.SM39.00.EPZ | 2023-08-28T00:00:03.510000Z - 2023-08-29T00:00:00.850000Z | 100.0 Hz, 8639735 samples
INFO:root:the data of 240 day of year is merging, thank god
INFO:root:Now we are in the 241 day of year
INFO:root:1 Trace(s) in Stream:
TW.SM39.00.EPZ | 2023-08-29T00:00:00.859999Z - 2023-08-30T00:00:02.739999Z | 100.0 Hz, 8640189 samples
INFO:root:the data of 241 day of year is merging, thank god
INFO:root:Now we are in the 242 day of year
INFO:root:1 Trace(s) in Stream:
TW.SM39.00.EPZ | 2023-08-30T00:00:02.750000Z - 2023-08-31T00:00:03.700000Z | 100.0 Hz, 8640096 samples
INFO:root:the data of 242 day of year is merging, thank god
INFO:root:Now we are in the 243 day of year
INFO:root:1 Trace(s) in Stream:
TW.SM39.00.EPZ | 2023-08-31T00:00:03.710000Z - 2023-09-01T00:00:00.780000Z | 100.0 Hz, 8639708 samples
INFO:root:the data of 243 day of year is merging, thank god
INFO:root:merging complete
INFO:root:the SM39 stream is update in dictionary!
INFO:root:Now we are in station:SM06
INFO:root:Now we are in the 213 day of year
INFO:root:1 Trace(s) in Stream:
TW.SM06.00.EPZ | 2023-08-01T00:00:01.930000Z - 2023-08-02T00:00:01.010000Z | 100.0 Hz, 8639909 samples
INFO:root:the data of 213 day of year is merging, thank god
INFO:root:Now we are in the 214 day of year
INFO:root:1 Trace(s) in Stream:
TW.SM06.00.EPZ | 2023-08-02T00:00:01.020000Z - 2023-08-03T00:00:00.570000Z | 100.0 Hz, 8639956 samples
INFO:root:the data of 214 day of year is merging, thank god
INFO:root:Now we are in the 215 day of year
INFO:root:1 Trace(s) in Stream:
TW.SM06.00.EPZ | 2023-08-03T00:00:00.580000Z - 2023-08-04T00:00:00.550000Z | 100.0 Hz, 8639998 samples
INFO:root:the data of 215 day of year is merging, thank god
INFO:root:Now we are in the 216 day of year
INFO:root:1 Trace(s) in Stream:
TW.SM06.00.EPZ | 2023-08-04T00:00:00.560000Z - 2023-08-05T00:00:00.210000Z | 100.0 Hz, 8639966 samples
INFO:root:the data of 216 day of year is merging, thank god
INFO:root:Now we are in the 217 day of year
INFO:root:1 Trace(s) in Stream:
TW.SM06.00.EPZ | 2023-08-05T00:00:00.220000Z - 2023-08-06T00:00:00.170000Z | 100.0 Hz, 8639996 samples
INFO:root:the data of 217 day of year is merging, thank god
INFO:root:Now we are in the 218 day of year
INFO:root:1 Trace(s) in Stream:
TW.SM06.00.EPZ | 2023-08-06T00:00:00.180000Z - 2023-08-07T00:00:00.370000Z | 100.0 Hz, 8640020 samples
INFO:root:the data of 218 day of year is merging, thank god
INFO:root:Now we are in the 219 day of year
INFO:root:1 Trace(s) in Stream:
TW.SM06.00.EPZ | 2023-08-07T00:00:00.380000Z - 2023-08-08T00:00:01.370000Z | 100.0 Hz, 8640100 samples
INFO:root:the data of 219 day of year is merging, thank god
INFO:root:Now we are in the 220 day of year
INFO:root:1 Trace(s) in Stream:
TW.SM06.00.EPZ | 2023-08-08T00:00:01.380001Z - 2023-08-08T23:59:59.990001Z | 100.0 Hz, 8639862 samples
INFO:root:the data of 220 day of year is merging, thank god
INFO:root:Now we are in the 221 day of year
INFO:root:1 Trace(s) in Stream:
TW.SM06.00.EPZ | 2023-08-09T00:00:00.000000Z - 2023-08-10T00:00:01.510000Z | 100.0 Hz, 8640152 samples
INFO:root:the data of 221 day of year is merging, thank god
INFO:root:Now we are in the 222 day of year
INFO:root:1 Trace(s) in Stream:
TW.SM06.00.EPZ | 2023-08-10T00:00:01.520000Z - 2023-08-11T00:00:02.130000Z | 100.0 Hz, 8640062 samples
INFO:root:the data of 222 day of year is merging, thank god
INFO:root:Now we are in the 223 day of year
INFO:root:1 Trace(s) in Stream:
TW.SM06.00.EPZ | 2023-08-11T00:00:02.140000Z - 2023-08-12T00:00:02.130000Z | 100.0 Hz, 8640000 samples
INFO:root:the data of 223 day of year is merging, thank god
INFO:root:Now we are in the 224 day of year
INFO:root:1 Trace(s) in Stream:
TW.SM06.00.EPZ | 2023-08-12T00:00:02.140001Z - 2023-08-13T00:00:00.990001Z | 100.0 Hz, 8639886 samples
INFO:root:the data of 224 day of year is merging, thank god
INFO:root:Now we are in the 225 day of year
INFO:root:1 Trace(s) in Stream:
TW.SM06.00.EPZ | 2023-08-13T00:00:01.000000Z - 2023-08-14T00:00:01.550000Z | 100.0 Hz, 8640056 samples
INFO:root:the data of 225 day of year is merging, thank god
INFO:root:Now we are in the 226 day of year
INFO:root:1 Trace(s) in Stream:
TW.SM06.00.EPZ | 2023-08-14T00:00:01.560000Z - 2023-08-15T00:00:01.890000Z | 100.0 Hz, 8640034 samples
INFO:root:the data of 226 day of year is merging, thank god
INFO:root:Now we are in the 227 day of year
INFO:root:1 Trace(s) in Stream:
TW.SM06.00.EPZ | 2023-08-15T00:00:01.900000Z - 2023-08-16T00:00:03.470000Z | 100.0 Hz, 8640158 samples
INFO:root:the data of 227 day of year is merging, thank god
INFO:root:Now we are in the 228 day of year
INFO:root:1 Trace(s) in Stream:
TW.SM06.00.EPZ | 2023-08-16T00:00:03.480000Z - 2023-08-17T00:00:01.210000Z | 100.0 Hz, 8639774 samples
INFO:root:the data of 228 day of year is merging, thank god
INFO:root:Now we are in the 229 day of year
INFO:root:1 Trace(s) in Stream:
TW.SM06.00.EPZ | 2023-08-17T00:00:01.220000Z - 2023-08-18T00:00:03.310000Z | 100.0 Hz, 8640210 samples
INFO:root:the data of 229 day of year is merging, thank god
INFO:root:Now we are in the 230 day of year
INFO:root:1 Trace(s) in Stream:
TW.SM06.00.EPZ | 2023-08-18T00:00:03.320000Z - 2023-08-19T00:00:00.870000Z | 100.0 Hz, 8639756 samples
INFO:root:the data of 230 day of year is merging, thank god
INFO:root:Now we are in the 231 day of year
INFO:root:1 Trace(s) in Stream:
TW.SM06.00.EPZ | 2023-08-19T00:00:00.880000Z - 2023-08-20T00:00:01.950000Z | 100.0 Hz, 8640108 samples
INFO:root:the data of 231 day of year is merging, thank god
INFO:root:Now we are in the 232 day of year
INFO:root:1 Trace(s) in Stream:
TW.SM06.00.EPZ | 2023-08-20T00:00:01.960001Z - 2023-08-21T00:00:00.050001Z | 100.0 Hz, 8639810 samples
INFO:root:the data of 232 day of year is merging, thank god
INFO:root:Now we are in the 233 day of year
INFO:root:1 Trace(s) in Stream:
TW.SM06.00.EPZ | 2023-08-21T00:00:00.060000Z - 2023-08-22T00:00:00.310000Z | 100.0 Hz, 8640026 samples
INFO:root:the data of 233 day of year is merging, thank god
INFO:root:Now we are in the 234 day of year
INFO:root:1 Trace(s) in Stream:
TW.SM06.00.EPZ | 2023-08-22T00:00:00.320000Z - 2023-08-23T00:00:03.630000Z | 100.0 Hz, 8640332 samples
INFO:root:the data of 234 day of year is merging, thank god
INFO:root:Now we are in the 235 day of year
INFO:root:1 Trace(s) in Stream:
TW.SM06.00.EPZ | 2023-08-23T00:00:03.640000Z - 2023-08-24T00:00:01.770000Z | 100.0 Hz, 8639814 samples
INFO:root:the data of 235 day of year is merging, thank god
INFO:root:Now we are in the 236 day of year
INFO:root:1 Trace(s) in Stream:
TW.SM06.00.EPZ | 2023-08-24T00:00:01.780000Z - 2023-08-24T23:33:25.310000Z | 100.0 Hz, 8480354 samples
INFO:root:the data of 236 day of year is merging, thank god
INFO:root:Now we are in the 237 day of year
INFO:root:1 Trace(s) in Stream:
TW.SM06.00.EPZ | 2023-08-25T09:49:11.490000Z - 2023-08-26T00:00:03.130000Z | 100.0 Hz, 5105165 samples
INFO:root:the data of 237 day of year is merging, thank god
INFO:root:Now we are in the 238 day of year
INFO:root:1 Trace(s) in Stream:
TW.SM06.00.EPZ | 2023-08-26T00:00:03.140000Z - 2023-08-27T00:00:00.190000Z | 100.0 Hz, 8639706 samples
INFO:root:the data of 238 day of year is merging, thank god
INFO:root:Now we are in the 239 day of year
INFO:root:1 Trace(s) in Stream:
TW.SM06.00.EPZ | 2023-08-27T00:00:00.200000Z - 2023-08-28T00:00:00.230000Z | 100.0 Hz, 8640004 samples
INFO:root:the data of 239 day of year is merging, thank god
INFO:root:Now we are in the 240 day of year
INFO:root:1 Trace(s) in Stream:
TW.SM06.00.EPZ | 2023-08-28T00:00:00.240000Z - 2023-08-29T00:00:02.910000Z | 100.0 Hz, 8640268 samples
INFO:root:the data of 240 day of year is merging, thank god
INFO:root:Now we are in the 241 day of year
INFO:root:1 Trace(s) in Stream:
TW.SM06.00.EPZ | 2023-08-29T00:00:02.920000Z - 2023-08-30T00:00:00.090000Z | 100.0 Hz, 8639718 samples
INFO:root:the data of 241 day of year is merging, thank god
INFO:root:Now we are in the 242 day of year
INFO:root:1 Trace(s) in Stream:
TW.SM06.00.EPZ | 2023-08-30T00:00:00.100000Z - 2023-08-31T00:00:01.980000Z | 100.0 Hz, 8640189 samples
INFO:root:the data of 242 day of year is merging, thank god
INFO:root:Now we are in the 243 day of year
INFO:root:1 Trace(s) in Stream:
TW.SM06.00.EPZ | 2023-08-31T00:00:01.990000Z - 2023-09-01T00:00:00.260000Z | 100.0 Hz, 8639828 samples
INFO:root:the data of 243 day of year is merging, thank god
INFO:root:merging complete
INFO:root:the SM06 stream is update in dictionary!
INFO:root:Now we are in station:SM40
INFO:root:Now we are in the 213 day of year
INFO:root:1 Trace(s) in Stream:
TW.SM40.00.EPZ | 2023-08-01T00:00:01.970000Z - 2023-08-02T00:00:01.620000Z | 100.0 Hz, 8639966 samples
INFO:root:the data of 213 day of year is merging, thank god
INFO:root:Now we are in the 214 day of year
INFO:root:1 Trace(s) in Stream:
TW.SM40.00.EPZ | 2023-08-02T00:00:01.630000Z - 2023-08-03T00:00:00.440000Z | 100.0 Hz, 8639882 samples
INFO:root:the data of 214 day of year is merging, thank god
INFO:root:Now we are in the 215 day of year
INFO:root:1 Trace(s) in Stream:
TW.SM40.00.EPZ | 2023-08-03T00:00:00.450000Z - 2023-08-04T00:00:00.140000Z | 100.0 Hz, 8639970 samples
INFO:root:the data of 215 day of year is merging, thank god
INFO:root:Now we are in the 216 day of year
INFO:root:1 Trace(s) in Stream:
TW.SM40.00.EPZ | 2023-08-04T00:00:00.150000Z - 2023-08-05T00:00:00.920000Z | 100.0 Hz, 8640078 samples
INFO:root:the data of 216 day of year is merging, thank god
INFO:root:Now we are in the 217 day of year
INFO:root:1 Trace(s) in Stream:
TW.SM40.00.EPZ | 2023-08-05T00:00:00.930000Z - 2023-08-06T00:00:01.420000Z | 100.0 Hz, 8640050 samples
INFO:root:the data of 217 day of year is merging, thank god
INFO:root:Now we are in the 218 day of year
INFO:root:1 Trace(s) in Stream:
TW.SM40.00.EPZ | 2023-08-06T00:00:01.430000Z - 2023-08-07T00:00:00.300000Z | 100.0 Hz, 8639888 samples
INFO:root:the data of 218 day of year is merging, thank god
INFO:root:Now we are in the 219 day of year
INFO:root:1 Trace(s) in Stream:
TW.SM40.00.EPZ | 2023-08-07T00:00:00.310000Z - 2023-08-08T00:00:01.720000Z | 100.0 Hz, 8640142 samples
INFO:root:the data of 219 day of year is merging, thank god
INFO:root:Now we are in the 220 day of year
INFO:root:1 Trace(s) in Stream:
TW.SM40.00.EPZ | 2023-08-08T00:00:01.730000Z - 2023-08-09T00:00:00.460000Z | 100.0 Hz, 8639874 samples
INFO:root:the data of 220 day of year is merging, thank god
INFO:root:Now we are in the 221 day of year
INFO:root:1 Trace(s) in Stream:
TW.SM40.00.EPZ | 2023-08-09T00:00:00.470000Z - 2023-08-10T00:00:01.220000Z | 100.0 Hz, 8640076 samples
INFO:root:the data of 221 day of year is merging, thank god
INFO:root:Now we are in the 222 day of year
INFO:root:1 Trace(s) in Stream:
TW.SM40.00.EPZ | 2023-08-10T00:00:01.230000Z - 2023-08-11T00:00:02.020000Z | 100.0 Hz, 8640080 samples
INFO:root:the data of 222 day of year is merging, thank god
INFO:root:Now we are in the 223 day of year
INFO:root:1 Trace(s) in Stream:
TW.SM40.00.EPZ | 2023-08-11T00:00:02.030000Z - 2023-08-12T00:00:02.220000Z | 100.0 Hz, 8640020 samples
INFO:root:the data of 223 day of year is merging, thank god
INFO:root:Now we are in the 224 day of year
INFO:root:1 Trace(s) in Stream:
TW.SM40.00.EPZ | 2023-08-12T00:00:02.230000Z - 2023-08-13T00:00:01.980000Z | 100.0 Hz, 8639976 samples
INFO:root:the data of 224 day of year is merging, thank god
INFO:root:Now we are in the 225 day of year
INFO:root:1 Trace(s) in Stream:
TW.SM40.00.EPZ | 2023-08-13T00:00:01.990000Z - 2023-08-14T00:00:01.220000Z | 100.0 Hz, 8639924 samples
INFO:root:the data of 225 day of year is merging, thank god
INFO:root:Now we are in the 226 day of year
INFO:root:1 Trace(s) in Stream:
TW.SM40.00.EPZ | 2023-08-14T00:00:01.230000Z - 2023-08-15T00:00:00.840000Z | 100.0 Hz, 8639962 samples
INFO:root:the data of 226 day of year is merging, thank god
INFO:root:Now we are in the 227 day of year
INFO:root:1 Trace(s) in Stream:
TW.SM40.00.EPZ | 2023-08-15T00:00:00.850000Z - 2023-08-16T00:00:00.300000Z | 100.0 Hz, 8639946 samples
INFO:root:the data of 227 day of year is merging, thank god
INFO:root:Now we are in the 228 day of year
INFO:root:1 Trace(s) in Stream:
TW.SM40.00.EPZ | 2023-08-16T00:00:00.310000Z - 2023-08-17T00:00:00.580000Z | 100.0 Hz, 8640028 samples
INFO:root:the data of 228 day of year is merging, thank god
INFO:root:Now we are in the 229 day of year
INFO:root:1 Trace(s) in Stream:
TW.SM40.00.EPZ | 2023-08-17T00:00:00.590000Z - 2023-08-18T00:00:00.360000Z | 100.0 Hz, 8639978 samples
INFO:root:the data of 229 day of year is merging, thank god
INFO:root:Now we are in the 230 day of year
INFO:root:1 Trace(s) in Stream:
TW.SM40.00.EPZ | 2023-08-18T00:00:00.370000Z - 2023-08-19T00:00:03.060000Z | 100.0 Hz, 8640270 samples
INFO:root:the data of 230 day of year is merging, thank god
INFO:root:Now we are in the 231 day of year
INFO:root:1 Trace(s) in Stream:
TW.SM40.00.EPZ | 2023-08-19T00:00:03.070000Z - 2023-08-20T00:00:01.860000Z | 100.0 Hz, 8639880 samples
INFO:root:the data of 231 day of year is merging, thank god
INFO:root:Now we are in the 232 day of year
INFO:root:1 Trace(s) in Stream:
TW.SM40.00.EPZ | 2023-08-20T00:00:01.870000Z - 2023-08-21T00:00:02.440000Z | 100.0 Hz, 8640058 samples
INFO:root:the data of 232 day of year is merging, thank god
INFO:root:Now we are in the 233 day of year
INFO:root:1 Trace(s) in Stream:
TW.SM40.00.EPZ | 2023-08-21T00:00:02.450000Z - 2023-08-22T00:00:00.480000Z | 100.0 Hz, 8639804 samples
INFO:root:the data of 233 day of year is merging, thank god
INFO:root:Now we are in the 234 day of year
INFO:root:1 Trace(s) in Stream:
TW.SM40.00.EPZ | 2023-08-22T00:00:00.490000Z - 2023-08-23T00:00:00.420000Z | 100.0 Hz, 8639994 samples
INFO:root:the data of 234 day of year is merging, thank god
INFO:root:Now we are in the 235 day of year
INFO:root:1 Trace(s) in Stream:
TW.SM40.00.EPZ | 2023-08-23T00:00:00.430000Z - 2023-08-24T00:00:02.080000Z | 100.0 Hz, 8640166 samples
INFO:root:the data of 235 day of year is merging, thank god
INFO:root:Now we are in the 236 day of year
INFO:root:1 Trace(s) in Stream:
TW.SM40.00.EPZ | 2023-08-24T00:00:02.090000Z - 2023-08-25T00:00:00.620000Z | 100.0 Hz, 8639854 samples
INFO:root:the data of 236 day of year is merging, thank god
INFO:root:Now we are in the 237 day of year
INFO:root:1 Trace(s) in Stream:
TW.SM40.00.EPZ | 2023-08-25T00:00:00.630001Z - 2023-08-26T00:00:02.180001Z | 100.0 Hz, 8640156 samples
INFO:root:the data of 237 day of year is merging, thank god
INFO:root:Now we are in the 238 day of year
INFO:root:1 Trace(s) in Stream:
TW.SM40.00.EPZ | 2023-08-26T00:00:02.190000Z - 2023-08-27T00:00:01.600000Z | 100.0 Hz, 8639942 samples
INFO:root:the data of 238 day of year is merging, thank god
INFO:root:Now we are in the 239 day of year
INFO:root:1 Trace(s) in Stream:
TW.SM40.00.EPZ | 2023-08-27T00:00:01.610000Z - 2023-08-28T00:00:00.620000Z | 100.0 Hz, 8639902 samples
INFO:root:the data of 239 day of year is merging, thank god
INFO:root:Now we are in the 240 day of year
INFO:root:1 Trace(s) in Stream:
TW.SM40.00.EPZ | 2023-08-28T00:00:00.630000Z - 2023-08-29T00:00:00.280000Z | 100.0 Hz, 8639966 samples
INFO:root:the data of 240 day of year is merging, thank god
INFO:root:Now we are in the 241 day of year
INFO:root:1 Trace(s) in Stream:
TW.SM40.00.EPZ | 2023-08-29T00:00:00.290000Z - 2023-08-30T00:00:01.520000Z | 100.0 Hz, 8640124 samples
INFO:root:the data of 241 day of year is merging, thank god
INFO:root:Now we are in the 242 day of year
INFO:root:1 Trace(s) in Stream:
TW.SM40.00.EPZ | 2023-08-30T00:00:01.530000Z - 2023-08-31T00:00:00.180000Z | 100.0 Hz, 8639866 samples
INFO:root:the data of 242 day of year is merging, thank god
INFO:root:Now we are in the 243 day of year
INFO:root:1 Trace(s) in Stream:
TW.SM40.00.EPZ | 2023-08-31T00:00:00.190000Z - 2023-09-01T00:00:00.480000Z | 100.0 Hz, 8640030 samples
INFO:root:the data of 243 day of year is merging, thank god
INFO:root:merging complete
INFO:root:the SM40 stream is update in dictionary!
INFO:root:Now we are in station:SM37
INFO:root:Now we are in the 213 day of year
INFO:root:1 Trace(s) in Stream:
TW.SM37.00.EPZ | 2023-08-01T00:00:01.337519Z - 2023-08-02T00:00:01.227519Z | 100.0 Hz, 8639990 samples
INFO:root:the data of 213 day of year is merging, thank god
INFO:root:Now we are in the 214 day of year
INFO:root:1 Trace(s) in Stream:
TW.SM37.00.EPZ | 2023-08-02T00:00:01.237519Z - 2023-08-03T00:00:01.207519Z | 100.0 Hz, 8639998 samples
INFO:root:the data of 214 day of year is merging, thank god
INFO:root:Now we are in the 215 day of year
INFO:root:1 Trace(s) in Stream:
TW.SM37.00.EPZ | 2023-08-03T00:00:01.217519Z - 2023-08-04T00:00:00.177519Z | 100.0 Hz, 8639897 samples
INFO:root:the data of 215 day of year is merging, thank god
INFO:root:Now we are in the 216 day of year
INFO:root:1 Trace(s) in Stream:
TW.SM37.00.EPZ | 2023-08-04T00:00:00.187519Z - 2023-08-05T00:00:00.277519Z | 100.0 Hz, 8640010 samples
INFO:root:the data of 216 day of year is merging, thank god
INFO:root:Now we are in the 217 day of year
INFO:root:1 Trace(s) in Stream:
TW.SM37.00.EPZ | 2023-08-05T00:00:00.287519Z - 2023-08-06T00:00:00.677519Z | 100.0 Hz, 8640040 samples
INFO:root:the data of 217 day of year is merging, thank god
INFO:root:Now we are in the 218 day of year
INFO:root:1 Trace(s) in Stream:
TW.SM37.00.EPZ | 2023-08-06T00:00:00.687519Z - 2023-08-07T00:00:00.657519Z | 100.0 Hz, 8639998 samples
INFO:root:the data of 218 day of year is merging, thank god
INFO:root:Now we are in the 219 day of year
INFO:root:1 Trace(s) in Stream:
TW.SM37.00.EPZ | 2023-08-07T00:00:00.667519Z - 2023-08-08T00:00:00.207519Z | 100.0 Hz, 8639955 samples
INFO:root:the data of 219 day of year is merging, thank god
INFO:root:Now we are in the 220 day of year
INFO:root:1 Trace(s) in Stream:
TW.SM37.00.EPZ | 2023-08-08T00:00:00.217519Z - 2023-08-09T00:00:01.047519Z | 100.0 Hz, 8640084 samples
INFO:root:the data of 220 day of year is merging, thank god
INFO:root:Now we are in the 221 day of year
INFO:root:1 Trace(s) in Stream:
TW.SM37.00.EPZ | 2023-08-09T00:00:01.057519Z - 2023-08-10T00:00:00.347519Z | 100.0 Hz, 8639930 samples
INFO:root:the data of 221 day of year is merging, thank god
INFO:root:Now we are in the 222 day of year
INFO:root:1 Trace(s) in Stream:
TW.SM37.00.EPZ | 2023-08-10T00:00:00.357519Z - 2023-08-11T00:00:00.237519Z | 100.0 Hz, 8639989 samples
INFO:root:the data of 222 day of year is merging, thank god
INFO:root:Now we are in the 223 day of year
INFO:root:1 Trace(s) in Stream:
TW.SM37.00.EPZ | 2023-08-11T00:00:00.247519Z - 2023-08-12T00:00:00.987519Z | 100.0 Hz, 8640075 samples
INFO:root:the data of 223 day of year is merging, thank god
INFO:root:Now we are in the 224 day of year
INFO:root:1 Trace(s) in Stream:
TW.SM37.00.EPZ | 2023-08-12T00:00:00.997519Z - 2023-08-12T08:19:54.857519Z | 100.0 Hz, 2999387 samples
INFO:root:the data of 224 day of year is merging, thank god
INFO:root:Now we are in the 225 day of year
ERROR:root:Error processing thorugh the 225 day of year: list index out of range
INFO:root:Now we are in the 226 day of year
ERROR:root:Error processing thorugh the 226 day of year: list index out of range
INFO:root:Now we are in the 227 day of year
ERROR:root:Error processing thorugh the 227 day of year: list index out of range
INFO:root:Now we are in the 228 day of year
ERROR:root:Error processing thorugh the 228 day of year: list index out of range
INFO:root:Now we are in the 229 day of year
ERROR:root:Error processing thorugh the 229 day of year: list index out of range
INFO:root:Now we are in the 230 day of year
ERROR:root:Error processing thorugh the 230 day of year: list index out of range
INFO:root:Now we are in the 231 day of year
ERROR:root:Error processing thorugh the 231 day of year: list index out of range
INFO:root:Now we are in the 232 day of year
ERROR:root:Error processing thorugh the 232 day of year: list index out of range
INFO:root:Now we are in the 233 day of year
ERROR:root:Error processing thorugh the 233 day of year: list index out of range
INFO:root:Now we are in the 234 day of year
ERROR:root:Error processing thorugh the 234 day of year: list index out of range
INFO:root:Now we are in the 235 day of year
ERROR:root:Error processing thorugh the 235 day of year: list index out of range
INFO:root:Now we are in the 236 day of year
ERROR:root:Error processing thorugh the 236 day of year: list index out of range
INFO:root:Now we are in the 237 day of year
ERROR:root:Error processing thorugh the 237 day of year: list index out of range
INFO:root:Now we are in the 238 day of year
ERROR:root:Error processing thorugh the 238 day of year: list index out of range
INFO:root:Now we are in the 239 day of year
ERROR:root:Error processing thorugh the 239 day of year: list index out of range
INFO:root:Now we are in the 240 day of year
ERROR:root:Error processing thorugh the 240 day of year: list index out of range
INFO:root:Now we are in the 241 day of year
ERROR:root:Error processing thorugh the 241 day of year: list index out of range
INFO:root:Now we are in the 242 day of year
ERROR:root:Error processing thorugh the 242 day of year: list index out of range
INFO:root:Now we are in the 243 day of year
ERROR:root:Error processing thorugh the 243 day of year: list index out of range
INFO:root:merging complete
INFO:root:the SM37 stream is update in dictionary!
INFO:root:the 2023-08-02T00:00:01.130000Z next
INFO:root:the 2023-08-03T00:00:01.130000Z next
INFO:root:the 2023-08-04T00:00:01.130000Z next
INFO:root:the 2023-08-05T00:00:01.130000Z next
INFO:root:the 2023-08-06T00:00:01.130000Z next
INFO:root:the 2023-08-07T00:00:01.130000Z next
INFO:root:the 2023-08-08T00:00:01.130000Z next
INFO:root:the 2023-08-09T00:00:01.130000Z next
INFO:root:the 2023-08-10T00:00:01.130000Z next
INFO:root:the 2023-08-11T00:00:01.130000Z next
INFO:root:the 2023-08-12T00:00:01.130000Z next
INFO:root:the 2023-08-13T00:00:01.130000Z next
INFO:root:the 2023-08-14T00:00:01.130000Z next
INFO:root:the 2023-08-15T00:00:01.130000Z next
INFO:root:the 2023-08-16T00:00:01.130000Z next
INFO:root:the 2023-08-17T00:00:01.130000Z next
INFO:root:the 2023-08-18T00:00:01.130000Z next
INFO:root:the 2023-08-19T00:00:01.130000Z next
INFO:root:the 2023-08-20T00:00:01.130000Z next
INFO:root:the 2023-08-21T00:00:01.130000Z next
INFO:root:the 2023-08-22T00:00:01.130000Z next
INFO:root:the 2023-08-23T00:00:01.130000Z next
INFO:root:the 2023-08-24T00:00:01.130000Z next
INFO:root:the 2023-08-25T00:00:01.130000Z next
INFO:root:the 2023-08-26T00:00:01.130000Z next
INFO:root:the 2023-08-27T00:00:01.130000Z next
INFO:root:the 2023-08-28T00:00:01.130000Z next
INFO:root:the 2023-08-29T00:00:01.130000Z next
INFO:root:the 2023-08-30T00:00:01.130000Z next
INFO:root:the 2023-08-31T00:00:01.130000Z next
INFO:root:the 2023-09-01T00:00:01.130000Z next
INFO:root:save your tears for another day
INFO:root:save your tears for another day
INFO:root:the 2023-08-02T00:00:01.130000Z next
INFO:root:the 2023-08-03T00:00:01.130000Z next
INFO:root:the 2023-08-04T00:00:01.130000Z next
INFO:root:the 2023-08-05T00:00:01.130000Z next
INFO:root:the 2023-08-06T00:00:01.130000Z next
INFO:root:the 2023-08-07T00:00:01.130000Z next
INFO:root:the 2023-08-08T00:00:01.130000Z next
INFO:root:the 2023-08-09T00:00:01.130000Z next
INFO:root:the 2023-08-10T00:00:01.130000Z next
INFO:root:the 2023-08-11T00:00:01.130000Z next
INFO:root:the 2023-08-12T00:00:01.130000Z next
INFO:root:the 2023-08-13T00:00:01.130000Z next
INFO:root:the 2023-08-14T00:00:01.130000Z next
INFO:root:the 2023-08-15T00:00:01.130000Z next
INFO:root:the 2023-08-16T00:00:01.130000Z next
INFO:root:the 2023-08-17T00:00:01.130000Z next
INFO:root:the 2023-08-18T00:00:01.130000Z next
INFO:root:the 2023-08-19T00:00:01.130000Z next
INFO:root:the 2023-08-20T00:00:01.130000Z next
INFO:root:the 2023-08-21T00:00:01.130000Z next
INFO:root:the 2023-08-22T00:00:01.130000Z next
INFO:root:the 2023-08-23T00:00:01.130000Z next
INFO:root:the 2023-08-24T00:00:01.130000Z next
INFO:root:the 2023-08-25T00:00:01.130000Z next
INFO:root:the 2023-08-26T00:00:01.130000Z next
INFO:root:the 2023-08-27T00:00:01.130000Z next
INFO:root:the 2023-08-28T00:00:01.130000Z next
INFO:root:the 2023-08-29T00:00:01.130000Z next
INFO:root:the 2023-08-30T00:00:01.130000Z next
INFO:root:the 2023-08-31T00:00:01.130000Z next
INFO:root:the 2023-09-01T00:00:01.130000Z next
INFO:root:save your tears for another day
